[2025-04-06T13:10:35.050+0530][gc,init] CardTable entry size: 512
[2025-04-06T13:10:35.050+0530][gc     ] Using G1
[2025-04-06T13:10:35.057+0530][gc,init] Version: 21.0.6+7-Ubuntu-124.04.1 (release)
[2025-04-06T13:10:35.057+0530][gc,init] CPUs: 16 total, 16 available
[2025-04-06T13:10:35.057+0530][gc,init] Memory: 15713M
[2025-04-06T13:10:35.057+0530][gc,init] Large Page Support: Disabled
[2025-04-06T13:10:35.057+0530][gc,init] NUMA Support: Disabled
[2025-04-06T13:10:35.057+0530][gc,init] Compressed Oops: Enabled (32-bit)
[2025-04-06T13:10:35.057+0530][gc,init] Heap Region Size: 1M
[2025-04-06T13:10:35.057+0530][gc,init] Heap Min Capacity: 1G
[2025-04-06T13:10:35.057+0530][gc,init] Heap Initial Capacity: 1G
[2025-04-06T13:10:35.057+0530][gc,init] Heap Max Capacity: 1G
[2025-04-06T13:10:35.057+0530][gc,init] Pre-touch: Disabled
[2025-04-06T13:10:35.057+0530][gc,init] Parallel Workers: 13
[2025-04-06T13:10:35.057+0530][gc,init] Concurrent Workers: 3
[2025-04-06T13:10:35.057+0530][gc,init] Concurrent Refinement Workers: 13
[2025-04-06T13:10:35.057+0530][gc,init] Periodic GC: Disabled
[2025-04-06T13:10:35.062+0530][gc,metaspace] CDS archive(s) mapped at: [0x0000726fef000000-0x0000726fefc97000-0x0000726fefc97000), size 13201408, SharedBaseAddress: 0x0000726fef000000, ArchiveRelocationMode: 1.
[2025-04-06T13:10:35.062+0530][gc,metaspace] Compressed class space mapped at: 0x0000726ff0000000-0x0000727030000000, reserved size: 1073741824
[2025-04-06T13:10:35.062+0530][gc,metaspace] Narrow klass base: 0x0000726fef000000, Narrow klass shift: 0, Narrow klass range: 0x100000000
[2025-04-06T13:10:35.729+0530][gc,start    ] GC(0) Pause Young (Normal) (G1 Evacuation Pause)
[2025-04-06T13:10:35.730+0530][gc,task     ] GC(0) Using 13 workers of 13 for evacuation
[2025-04-06T13:10:35.733+0530][gc,phases   ] GC(0)   Pre Evacuate Collection Set: 0.1ms
[2025-04-06T13:10:35.733+0530][gc,phases   ] GC(0)   Merge Heap Roots: 0.1ms
[2025-04-06T13:10:35.733+0530][gc,phases   ] GC(0)   Evacuate Collection Set: 2.5ms
[2025-04-06T13:10:35.733+0530][gc,phases   ] GC(0)   Post Evacuate Collection Set: 0.4ms
[2025-04-06T13:10:35.733+0530][gc,phases   ] GC(0)   Other: 0.9ms
[2025-04-06T13:10:35.733+0530][gc,heap     ] GC(0) Eden regions: 51->0(44)
[2025-04-06T13:10:35.733+0530][gc,heap     ] GC(0) Survivor regions: 0->7(7)
[2025-04-06T13:10:35.733+0530][gc,heap     ] GC(0) Old regions: 2->3
[2025-04-06T13:10:35.733+0530][gc,heap     ] GC(0) Humongous regions: 0->0
[2025-04-06T13:10:35.733+0530][gc,metaspace] GC(0) Metaspace: 17734K(17920K)->17734K(17920K) NonClass: 15734K(15808K)->15734K(15808K) Class: 1999K(2112K)->1999K(2112K)
[2025-04-06T13:10:35.733+0530][gc          ] GC(0) Pause Young (Normal) (G1 Evacuation Pause) 52M->8M(1024M) 4.123ms
[2025-04-06T13:10:35.733+0530][gc,cpu      ] GC(0) User=0.03s Sys=0.01s Real=0.00s
[2025-04-06T13:10:35.857+0530][gc,start    ] GC(1) Pause Young (Concurrent Start) (Metadata GC Threshold)
[2025-04-06T13:10:35.857+0530][gc,task     ] GC(1) Using 13 workers of 13 for evacuation
[2025-04-06T13:10:35.859+0530][gc,phases   ] GC(1)   Pre Evacuate Collection Set: 0.1ms
[2025-04-06T13:10:35.859+0530][gc,phases   ] GC(1)   Merge Heap Roots: 0.0ms
[2025-04-06T13:10:35.859+0530][gc,phases   ] GC(1)   Evacuate Collection Set: 1.6ms
[2025-04-06T13:10:35.859+0530][gc,phases   ] GC(1)   Post Evacuate Collection Set: 0.3ms
[2025-04-06T13:10:35.859+0530][gc,phases   ] GC(1)   Other: 0.0ms
[2025-04-06T13:10:35.859+0530][gc,heap     ] GC(1) Eden regions: 14->0(49)
[2025-04-06T13:10:35.859+0530][gc,heap     ] GC(1) Survivor regions: 7->2(7)
[2025-04-06T13:10:35.859+0530][gc,heap     ] GC(1) Old regions: 3->11
[2025-04-06T13:10:35.859+0530][gc,heap     ] GC(1) Humongous regions: 0->0
[2025-04-06T13:10:35.859+0530][gc,metaspace] GC(1) Metaspace: 21294K(21504K)->21294K(21504K) NonClass: 18862K(19008K)->18862K(19008K) Class: 2431K(2496K)->2431K(2496K)
[2025-04-06T13:10:35.859+0530][gc          ] GC(1) Pause Young (Concurrent Start) (Metadata GC Threshold) 21M->10M(1024M) 2.238ms
[2025-04-06T13:10:35.859+0530][gc,cpu      ] GC(1) User=0.02s Sys=0.00s Real=0.01s
[2025-04-06T13:10:35.859+0530][gc          ] GC(2) Concurrent Mark Cycle
[2025-04-06T13:10:35.859+0530][gc,marking  ] GC(2) Concurrent Scan Root Regions
[2025-04-06T13:10:35.861+0530][gc,marking  ] GC(2) Concurrent Scan Root Regions 1.339ms
[2025-04-06T13:10:35.861+0530][gc,marking  ] GC(2) Concurrent Mark
[2025-04-06T13:10:35.861+0530][gc,marking  ] GC(2) Concurrent Mark From Roots
[2025-04-06T13:10:35.861+0530][gc,task     ] GC(2) Using 3 workers of 3 for marking
[2025-04-06T13:10:35.862+0530][gc,marking  ] GC(2) Concurrent Mark From Roots 1.460ms
[2025-04-06T13:10:35.862+0530][gc,marking  ] GC(2) Concurrent Preclean
[2025-04-06T13:10:35.862+0530][gc,marking  ] GC(2) Concurrent Preclean 0.007ms
[2025-04-06T13:10:35.862+0530][gc,start    ] GC(2) Pause Remark
[2025-04-06T13:10:35.863+0530][gc          ] GC(2) Pause Remark 11M->11M(1024M) 0.991ms
[2025-04-06T13:10:35.863+0530][gc,cpu      ] GC(2) User=0.01s Sys=0.00s Real=0.00s
[2025-04-06T13:10:35.863+0530][gc,marking  ] GC(2) Concurrent Mark 2.674ms
[2025-04-06T13:10:35.863+0530][gc,marking  ] GC(2) Concurrent Rebuild Remembered Sets and Scrub Regions
[2025-04-06T13:10:35.864+0530][gc,marking  ] GC(2) Concurrent Rebuild Remembered Sets and Scrub Regions 0.910ms
[2025-04-06T13:10:35.864+0530][gc,start    ] GC(2) Pause Cleanup
[2025-04-06T13:10:35.865+0530][gc          ] GC(2) Pause Cleanup 11M->11M(1024M) 0.087ms
[2025-04-06T13:10:35.865+0530][gc,cpu      ] GC(2) User=0.00s Sys=0.00s Real=0.00s
[2025-04-06T13:10:35.865+0530][gc,marking  ] GC(2) Concurrent Clear Claimed Marks
[2025-04-06T13:10:35.865+0530][gc,marking  ] GC(2) Concurrent Clear Claimed Marks 0.019ms
[2025-04-06T13:10:35.865+0530][gc,marking  ] GC(2) Concurrent Cleanup for Next Mark
[2025-04-06T13:10:35.867+0530][gc,marking  ] GC(2) Concurrent Cleanup for Next Mark 2.138ms
[2025-04-06T13:10:35.867+0530][gc          ] GC(2) Concurrent Mark Cycle 7.367ms
[2025-04-06T13:10:36.363+0530][gc,start    ] GC(3) Pause Young (Prepare Mixed) (G1 Evacuation Pause)
[2025-04-06T13:10:36.363+0530][gc,task     ] GC(3) Using 13 workers of 13 for evacuation
[2025-04-06T13:10:36.365+0530][gc,phases   ] GC(3)   Pre Evacuate Collection Set: 0.2ms
[2025-04-06T13:10:36.365+0530][gc,phases   ] GC(3)   Merge Heap Roots: 0.0ms
[2025-04-06T13:10:36.365+0530][gc,phases   ] GC(3)   Evacuate Collection Set: 1.8ms
[2025-04-06T13:10:36.365+0530][gc,phases   ] GC(3)   Post Evacuate Collection Set: 0.3ms
[2025-04-06T13:10:36.365+0530][gc,phases   ] GC(3)   Other: 0.0ms
[2025-04-06T13:10:36.365+0530][gc,heap     ] GC(3) Eden regions: 49->0(44)
[2025-04-06T13:10:36.365+0530][gc,heap     ] GC(3) Survivor regions: 2->7(7)
[2025-04-06T13:10:36.365+0530][gc,heap     ] GC(3) Old regions: 11->11
[2025-04-06T13:10:36.365+0530][gc,heap     ] GC(3) Humongous regions: 129->129
[2025-04-06T13:10:36.365+0530][gc,metaspace] GC(3) Metaspace: 33124K(33408K)->33124K(33408K) NonClass: 29610K(29824K)->29610K(29824K) Class: 3514K(3584K)->3514K(3584K)
[2025-04-06T13:10:36.365+0530][gc          ] GC(3) Pause Young (Prepare Mixed) (G1 Evacuation Pause) 188M->145M(1024M) 2.444ms
[2025-04-06T13:10:36.365+0530][gc,cpu      ] GC(3) User=0.03s Sys=0.00s Real=0.00s
[2025-04-06T13:10:36.523+0530][gc,start    ] GC(4) Pause Young (Mixed) (Metadata GC Threshold)
[2025-04-06T13:10:36.523+0530][gc,task     ] GC(4) Using 13 workers of 13 for evacuation
[2025-04-06T13:10:36.525+0530][gc,phases   ] GC(4)   Pre Evacuate Collection Set: 0.1ms
[2025-04-06T13:10:36.525+0530][gc,phases   ] GC(4)   Merge Heap Roots: 0.0ms
[2025-04-06T13:10:36.525+0530][gc,phases   ] GC(4)   Evacuate Collection Set: 1.6ms
[2025-04-06T13:10:36.525+0530][gc,phases   ] GC(4)   Post Evacuate Collection Set: 0.2ms
[2025-04-06T13:10:36.525+0530][gc,phases   ] GC(4)   Other: 0.0ms
[2025-04-06T13:10:36.525+0530][gc,heap     ] GC(4) Eden regions: 11->0(49)
[2025-04-06T13:10:36.525+0530][gc,heap     ] GC(4) Survivor regions: 7->2(7)
[2025-04-06T13:10:36.525+0530][gc,heap     ] GC(4) Old regions: 11->16
[2025-04-06T13:10:36.525+0530][gc,heap     ] GC(4) Humongous regions: 129->129
[2025-04-06T13:10:36.525+0530][gc,metaspace] GC(4) Metaspace: 35637K(35968K)->35637K(35968K) NonClass: 31789K(31936K)->31789K(31936K) Class: 3847K(4032K)->3847K(4032K)
[2025-04-06T13:10:36.525+0530][gc          ] GC(4) Pause Young (Mixed) (Metadata GC Threshold) 155M->145M(1024M) 2.102ms
[2025-04-06T13:10:36.525+0530][gc,cpu      ] GC(4) User=0.02s Sys=0.01s Real=0.00s
[2025-04-06T13:10:36.535+0530][gc,start    ] GC(5) Pause Young (Concurrent Start) (Metadata GC Threshold)
[2025-04-06T13:10:36.535+0530][gc,task     ] GC(5) Using 13 workers of 13 for evacuation
[2025-04-06T13:10:36.536+0530][gc,phases   ] GC(5)   Pre Evacuate Collection Set: 0.2ms
[2025-04-06T13:10:36.536+0530][gc,phases   ] GC(5)   Merge Heap Roots: 0.0ms
[2025-04-06T13:10:36.536+0530][gc,phases   ] GC(5)   Evacuate Collection Set: 0.5ms
[2025-04-06T13:10:36.536+0530][gc,phases   ] GC(5)   Post Evacuate Collection Set: 0.1ms
[2025-04-06T13:10:36.536+0530][gc,phases   ] GC(5)   Other: 0.0ms
[2025-04-06T13:10:36.536+0530][gc,heap     ] GC(5) Eden regions: 3->0(50)
[2025-04-06T13:10:36.536+0530][gc,heap     ] GC(5) Survivor regions: 2->1(7)
[2025-04-06T13:10:36.536+0530][gc,heap     ] GC(5) Old regions: 16->16
[2025-04-06T13:10:36.536+0530][gc,heap     ] GC(5) Humongous regions: 129->129
[2025-04-06T13:10:36.536+0530][gc,metaspace] GC(5) Metaspace: 36012K(36288K)->36012K(36288K) NonClass: 32113K(32256K)->32113K(32256K) Class: 3898K(4032K)->3898K(4032K)
[2025-04-06T13:10:36.536+0530][gc          ] GC(5) Pause Young (Concurrent Start) (Metadata GC Threshold) 147M->145M(1024M) 0.918ms
[2025-04-06T13:10:36.536+0530][gc          ] GC(6) Concurrent Mark Cycle
[2025-04-06T13:10:36.536+0530][gc,cpu      ] GC(5) User=0.01s Sys=0.00s Real=0.00s
[2025-04-06T13:10:36.536+0530][gc,marking  ] GC(6) Concurrent Scan Root Regions
[2025-04-06T13:10:36.536+0530][gc,marking  ] GC(6) Concurrent Scan Root Regions 0.702ms
[2025-04-06T13:10:36.536+0530][gc,marking  ] GC(6) Concurrent Mark
[2025-04-06T13:10:36.536+0530][gc,marking  ] GC(6) Concurrent Mark From Roots
[2025-04-06T13:10:36.536+0530][gc,task     ] GC(6) Using 3 workers of 3 for marking
[2025-04-06T13:10:36.543+0530][gc,marking  ] GC(6) Concurrent Mark From Roots 6.354ms
[2025-04-06T13:10:36.543+0530][gc,marking  ] GC(6) Concurrent Preclean
[2025-04-06T13:10:36.543+0530][gc,marking  ] GC(6) Concurrent Preclean 0.034ms
[2025-04-06T13:10:36.543+0530][gc,start    ] GC(6) Pause Remark
[2025-04-06T13:10:36.544+0530][gc          ] GC(6) Pause Remark 145M->145M(1024M) 0.893ms
[2025-04-06T13:10:36.544+0530][gc,cpu      ] GC(6) User=0.01s Sys=0.00s Real=0.00s
[2025-04-06T13:10:36.544+0530][gc,marking  ] GC(6) Concurrent Mark 7.469ms
[2025-04-06T13:10:36.544+0530][gc,marking  ] GC(6) Concurrent Rebuild Remembered Sets and Scrub Regions
[2025-04-06T13:10:36.546+0530][gc,marking  ] GC(6) Concurrent Rebuild Remembered Sets and Scrub Regions 2.502ms
[2025-04-06T13:10:36.546+0530][gc,start    ] GC(6) Pause Cleanup
[2025-04-06T13:10:36.547+0530][gc          ] GC(6) Pause Cleanup 145M->145M(1024M) 0.086ms
[2025-04-06T13:10:36.547+0530][gc,cpu      ] GC(6) User=0.01s Sys=0.00s Real=0.00s
[2025-04-06T13:10:36.547+0530][gc,marking  ] GC(6) Concurrent Clear Claimed Marks
[2025-04-06T13:10:36.547+0530][gc,marking  ] GC(6) Concurrent Clear Claimed Marks 0.010ms
[2025-04-06T13:10:36.547+0530][gc,marking  ] GC(6) Concurrent Cleanup for Next Mark
[2025-04-06T13:10:36.547+0530][gc,marking  ] GC(6) Concurrent Cleanup for Next Mark 0.541ms
[2025-04-06T13:10:36.547+0530][gc          ] GC(6) Concurrent Mark Cycle 11.486ms
[2025-04-06T13:13:53.129+0530][gc,heap,exit] Heap
[2025-04-06T13:13:53.129+0530][gc,heap,exit]  garbage-first heap   total 1048576K, used 167014K [0x00000000c0000000, 0x0000000100000000)
[2025-04-06T13:13:53.129+0530][gc,heap,exit]   region size 1024K, 19 young (19456K), 1 survivors (1024K)
[2025-04-06T13:13:53.129+0530][gc,heap,exit]  Metaspace       used 38213K, committed 38592K, reserved 1114112K
[2025-04-06T13:13:53.129+0530][gc,heap,exit]   class space    used 4245K, committed 4416K, reserved 1048576K
