[2025-04-06T10:28:53.642+0530][gc,init] CardTable entry size: 512
[2025-04-06T10:28:53.642+0530][gc     ] Using G1
[2025-04-06T10:28:53.647+0530][gc,init] Version: 21.0.6+7-Ubuntu-124.04.1 (release)
[2025-04-06T10:28:53.647+0530][gc,init] CPUs: 16 total, 16 available
[2025-04-06T10:28:53.647+0530][gc,init] Memory: 15713M
[2025-04-06T10:28:53.647+0530][gc,init] Large Page Support: Disabled
[2025-04-06T10:28:53.647+0530][gc,init] NUMA Support: Disabled
[2025-04-06T10:28:53.647+0530][gc,init] Compressed Oops: Enabled (32-bit)
[2025-04-06T10:28:53.647+0530][gc,init] Heap Region Size: 1M
[2025-04-06T10:28:53.647+0530][gc,init] Heap Min Capacity: 1G
[2025-04-06T10:28:53.647+0530][gc,init] Heap Initial Capacity: 1G
[2025-04-06T10:28:53.647+0530][gc,init] Heap Max Capacity: 1G
[2025-04-06T10:28:53.647+0530][gc,init] Pre-touch: Disabled
[2025-04-06T10:28:53.647+0530][gc,init] Parallel Workers: 13
[2025-04-06T10:28:53.647+0530][gc,init] Concurrent Workers: 3
[2025-04-06T10:28:53.647+0530][gc,init] Concurrent Refinement Workers: 13
[2025-04-06T10:28:53.647+0530][gc,init] Periodic GC: Disabled
[2025-04-06T10:28:53.652+0530][gc,metaspace] CDS archive(s) mapped at: [0x000075fbb3000000-0x000075fbb3c97000-0x000075fbb3c97000), size 13201408, SharedBaseAddress: 0x000075fbb3000000, ArchiveRelocationMode: 1.
[2025-04-06T10:28:53.652+0530][gc,metaspace] Compressed class space mapped at: 0x000075fbb4000000-0x000075fbf4000000, reserved size: 1073741824
[2025-04-06T10:28:53.652+0530][gc,metaspace] Narrow klass base: 0x000075fbb3000000, Narrow klass shift: 0, Narrow klass range: 0x100000000
[2025-04-06T10:28:54.126+0530][gc,start    ] GC(0) Pause Young (Normal) (G1 Evacuation Pause)
[2025-04-06T10:28:54.127+0530][gc,task     ] GC(0) Using 13 workers of 13 for evacuation
[2025-04-06T10:28:54.129+0530][gc,phases   ] GC(0)   Pre Evacuate Collection Set: 0.1ms
[2025-04-06T10:28:54.129+0530][gc,phases   ] GC(0)   Merge Heap Roots: 0.0ms
[2025-04-06T10:28:54.129+0530][gc,phases   ] GC(0)   Evacuate Collection Set: 1.6ms
[2025-04-06T10:28:54.129+0530][gc,phases   ] GC(0)   Post Evacuate Collection Set: 0.3ms
[2025-04-06T10:28:54.129+0530][gc,phases   ] GC(0)   Other: 0.8ms
[2025-04-06T10:28:54.129+0530][gc,heap     ] GC(0) Eden regions: 51->0(44)
[2025-04-06T10:28:54.129+0530][gc,heap     ] GC(0) Survivor regions: 0->7(7)
[2025-04-06T10:28:54.129+0530][gc,heap     ] GC(0) Old regions: 2->3
[2025-04-06T10:28:54.129+0530][gc,heap     ] GC(0) Humongous regions: 0->0
[2025-04-06T10:28:54.129+0530][gc,metaspace] GC(0) Metaspace: 17725K(17984K)->17725K(17984K) NonClass: 15727K(15872K)->15727K(15872K) Class: 1997K(2112K)->1997K(2112K)
[2025-04-06T10:28:54.129+0530][gc          ] GC(0) Pause Young (Normal) (G1 Evacuation Pause) 52M->8M(1024M) 2.933ms
[2025-04-06T10:28:54.129+0530][gc,cpu      ] GC(0) User=0.02s Sys=0.00s Real=0.01s
[2025-04-06T10:28:54.216+0530][gc,start    ] GC(1) Pause Young (Concurrent Start) (Metadata GC Threshold)
[2025-04-06T10:28:54.216+0530][gc,task     ] GC(1) Using 13 workers of 13 for evacuation
[2025-04-06T10:28:54.218+0530][gc,phases   ] GC(1)   Pre Evacuate Collection Set: 0.2ms
[2025-04-06T10:28:54.218+0530][gc,phases   ] GC(1)   Merge Heap Roots: 0.0ms
[2025-04-06T10:28:54.218+0530][gc,phases   ] GC(1)   Evacuate Collection Set: 1.3ms
[2025-04-06T10:28:54.218+0530][gc,phases   ] GC(1)   Post Evacuate Collection Set: 0.2ms
[2025-04-06T10:28:54.218+0530][gc,phases   ] GC(1)   Other: 0.0ms
[2025-04-06T10:28:54.218+0530][gc,heap     ] GC(1) Eden regions: 14->0(49)
[2025-04-06T10:28:54.218+0530][gc,heap     ] GC(1) Survivor regions: 7->2(7)
[2025-04-06T10:28:54.218+0530][gc,heap     ] GC(1) Old regions: 3->10
[2025-04-06T10:28:54.218+0530][gc,heap     ] GC(1) Humongous regions: 0->0
[2025-04-06T10:28:54.218+0530][gc,metaspace] GC(1) Metaspace: 21316K(21504K)->21316K(21504K) NonClass: 18889K(19008K)->18889K(19008K) Class: 2427K(2496K)->2427K(2496K)
[2025-04-06T10:28:54.218+0530][gc          ] GC(1) Pause Young (Concurrent Start) (Metadata GC Threshold) 21M->10M(1024M) 1.774ms
[2025-04-06T10:28:54.218+0530][gc,cpu      ] GC(1) User=0.01s Sys=0.00s Real=0.00s
[2025-04-06T10:28:54.218+0530][gc          ] GC(2) Concurrent Mark Cycle
[2025-04-06T10:28:54.218+0530][gc,marking  ] GC(2) Concurrent Scan Root Regions
[2025-04-06T10:28:54.219+0530][gc,marking  ] GC(2) Concurrent Scan Root Regions 0.831ms
[2025-04-06T10:28:54.219+0530][gc,marking  ] GC(2) Concurrent Mark
[2025-04-06T10:28:54.219+0530][gc,marking  ] GC(2) Concurrent Mark From Roots
[2025-04-06T10:28:54.219+0530][gc,task     ] GC(2) Using 3 workers of 3 for marking
[2025-04-06T10:28:54.220+0530][gc,marking  ] GC(2) Concurrent Mark From Roots 1.123ms
[2025-04-06T10:28:54.220+0530][gc,marking  ] GC(2) Concurrent Preclean
[2025-04-06T10:28:54.220+0530][gc,marking  ] GC(2) Concurrent Preclean 0.004ms
[2025-04-06T10:28:54.220+0530][gc,start    ] GC(2) Pause Remark
[2025-04-06T10:28:54.221+0530][gc          ] GC(2) Pause Remark 10M->10M(1024M) 0.821ms
[2025-04-06T10:28:54.221+0530][gc,cpu      ] GC(2) User=0.01s Sys=0.00s Real=0.00s
[2025-04-06T10:28:54.221+0530][gc,marking  ] GC(2) Concurrent Mark 2.075ms
[2025-04-06T10:28:54.221+0530][gc,marking  ] GC(2) Concurrent Rebuild Remembered Sets and Scrub Regions
[2025-04-06T10:28:54.222+0530][gc,marking  ] GC(2) Concurrent Rebuild Remembered Sets and Scrub Regions 0.818ms
[2025-04-06T10:28:54.222+0530][gc,start    ] GC(2) Pause Cleanup
[2025-04-06T10:28:54.222+0530][gc          ] GC(2) Pause Cleanup 10M->10M(1024M) 0.082ms
[2025-04-06T10:28:54.222+0530][gc,cpu      ] GC(2) User=0.00s Sys=0.00s Real=0.00s
[2025-04-06T10:28:54.222+0530][gc,marking  ] GC(2) Concurrent Clear Claimed Marks
[2025-04-06T10:28:54.222+0530][gc,marking  ] GC(2) Concurrent Clear Claimed Marks 0.009ms
[2025-04-06T10:28:54.222+0530][gc,marking  ] GC(2) Concurrent Cleanup for Next Mark
[2025-04-06T10:28:54.224+0530][gc,marking  ] GC(2) Concurrent Cleanup for Next Mark 1.991ms
[2025-04-06T10:28:54.224+0530][gc          ] GC(2) Concurrent Mark Cycle 6.093ms
[2025-04-06T10:28:54.602+0530][gc,start    ] GC(3) Pause Young (Prepare Mixed) (G1 Evacuation Pause)
[2025-04-06T10:28:54.602+0530][gc,task     ] GC(3) Using 13 workers of 13 for evacuation
[2025-04-06T10:28:54.604+0530][gc,phases   ] GC(3)   Pre Evacuate Collection Set: 0.1ms
[2025-04-06T10:28:54.604+0530][gc,phases   ] GC(3)   Merge Heap Roots: 0.0ms
[2025-04-06T10:28:54.604+0530][gc,phases   ] GC(3)   Evacuate Collection Set: 1.3ms
[2025-04-06T10:28:54.604+0530][gc,phases   ] GC(3)   Post Evacuate Collection Set: 0.2ms
[2025-04-06T10:28:54.604+0530][gc,phases   ] GC(3)   Other: 0.0ms
[2025-04-06T10:28:54.604+0530][gc,heap     ] GC(3) Eden regions: 49->0(45)
[2025-04-06T10:28:54.604+0530][gc,heap     ] GC(3) Survivor regions: 2->6(7)
[2025-04-06T10:28:54.604+0530][gc,heap     ] GC(3) Old regions: 10->10
[2025-04-06T10:28:54.604+0530][gc,heap     ] GC(3) Humongous regions: 129->129
[2025-04-06T10:28:54.604+0530][gc,metaspace] GC(3) Metaspace: 33313K(33664K)->33313K(33664K) NonClass: 29717K(29888K)->29717K(29888K) Class: 3596K(3776K)->3596K(3776K)
[2025-04-06T10:28:54.604+0530][gc          ] GC(3) Pause Young (Prepare Mixed) (G1 Evacuation Pause) 188M->143M(1024M) 1.759ms
[2025-04-06T10:28:54.604+0530][gc,cpu      ] GC(3) User=0.02s Sys=0.00s Real=0.00s
[2025-04-06T10:28:54.645+0530][gc,start    ] GC(4) Pause Young (Mixed) (Metadata GC Threshold)
[2025-04-06T10:28:54.645+0530][gc,task     ] GC(4) Using 13 workers of 13 for evacuation
[2025-04-06T10:28:54.647+0530][gc,phases   ] GC(4)   Pre Evacuate Collection Set: 0.1ms
[2025-04-06T10:28:54.647+0530][gc,phases   ] GC(4)   Merge Heap Roots: 0.0ms
[2025-04-06T10:28:54.647+0530][gc,phases   ] GC(4)   Evacuate Collection Set: 1.5ms
[2025-04-06T10:28:54.647+0530][gc,phases   ] GC(4)   Post Evacuate Collection Set: 0.2ms
[2025-04-06T10:28:54.647+0530][gc,phases   ] GC(4)   Other: 0.0ms
[2025-04-06T10:28:54.647+0530][gc,heap     ] GC(4) Eden regions: 11->0(49)
[2025-04-06T10:28:54.647+0530][gc,heap     ] GC(4) Survivor regions: 6->2(7)
[2025-04-06T10:28:54.647+0530][gc,heap     ] GC(4) Old regions: 10->15
[2025-04-06T10:28:54.647+0530][gc,heap     ] GC(4) Humongous regions: 129->129
[2025-04-06T10:28:54.647+0530][gc,metaspace] GC(4) Metaspace: 35809K(36096K)->35809K(36096K) NonClass: 31933K(32064K)->31933K(32064K) Class: 3875K(4032K)->3875K(4032K)
[2025-04-06T10:28:54.647+0530][gc          ] GC(4) Pause Young (Mixed) (Metadata GC Threshold) 153M->145M(1024M) 2.022ms
[2025-04-06T10:28:54.647+0530][gc,cpu      ] GC(4) User=0.03s Sys=0.00s Real=0.00s
[2025-04-06T10:28:54.653+0530][gc,start    ] GC(5) Pause Young (Concurrent Start) (Metadata GC Threshold)
[2025-04-06T10:28:54.653+0530][gc,task     ] GC(5) Using 13 workers of 13 for evacuation
[2025-04-06T10:28:54.654+0530][gc,phases   ] GC(5)   Pre Evacuate Collection Set: 0.3ms
[2025-04-06T10:28:54.654+0530][gc,phases   ] GC(5)   Merge Heap Roots: 0.0ms
[2025-04-06T10:28:54.654+0530][gc,phases   ] GC(5)   Evacuate Collection Set: 0.5ms
[2025-04-06T10:28:54.654+0530][gc,phases   ] GC(5)   Post Evacuate Collection Set: 0.1ms
[2025-04-06T10:28:54.654+0530][gc,phases   ] GC(5)   Other: 0.0ms
[2025-04-06T10:28:54.654+0530][gc,heap     ] GC(5) Eden regions: 2->0(50)
[2025-04-06T10:28:54.654+0530][gc,heap     ] GC(5) Survivor regions: 2->1(7)
[2025-04-06T10:28:54.654+0530][gc,heap     ] GC(5) Old regions: 15->15
[2025-04-06T10:28:54.654+0530][gc,heap     ] GC(5) Humongous regions: 129->129
[2025-04-06T10:28:54.654+0530][gc,metaspace] GC(5) Metaspace: 36063K(36416K)->36063K(36416K) NonClass: 32138K(32320K)->32138K(32320K) Class: 3925K(4096K)->3925K(4096K)
[2025-04-06T10:28:54.654+0530][gc          ] GC(5) Pause Young (Concurrent Start) (Metadata GC Threshold) 146M->144M(1024M) 1.162ms
[2025-04-06T10:28:54.654+0530][gc          ] GC(6) Concurrent Mark Cycle
[2025-04-06T10:28:54.654+0530][gc,cpu      ] GC(5) User=0.01s Sys=0.01s Real=0.00s
[2025-04-06T10:28:54.654+0530][gc,marking  ] GC(6) Concurrent Scan Root Regions
[2025-04-06T10:28:54.655+0530][gc,marking  ] GC(6) Concurrent Scan Root Regions 0.766ms
[2025-04-06T10:28:54.655+0530][gc,marking  ] GC(6) Concurrent Mark
[2025-04-06T10:28:54.655+0530][gc,marking  ] GC(6) Concurrent Mark From Roots
[2025-04-06T10:28:54.655+0530][gc,task     ] GC(6) Using 3 workers of 3 for marking
[2025-04-06T10:28:54.661+0530][gc,marking  ] GC(6) Concurrent Mark From Roots 6.019ms
[2025-04-06T10:28:54.661+0530][gc,marking  ] GC(6) Concurrent Preclean
[2025-04-06T10:28:54.661+0530][gc,marking  ] GC(6) Concurrent Preclean 0.041ms
[2025-04-06T10:28:54.661+0530][gc,start    ] GC(6) Pause Remark
[2025-04-06T10:28:54.662+0530][gc          ] GC(6) Pause Remark 146M->146M(1024M) 1.054ms
[2025-04-06T10:28:54.662+0530][gc,cpu      ] GC(6) User=0.01s Sys=0.00s Real=0.00s
[2025-04-06T10:28:54.662+0530][gc,marking  ] GC(6) Concurrent Mark 7.246ms
[2025-04-06T10:28:54.662+0530][gc,marking  ] GC(6) Concurrent Rebuild Remembered Sets and Scrub Regions
[2025-04-06T10:28:54.665+0530][gc,marking  ] GC(6) Concurrent Rebuild Remembered Sets and Scrub Regions 2.669ms
[2025-04-06T10:28:54.665+0530][gc,start    ] GC(6) Pause Cleanup
[2025-04-06T10:28:54.665+0530][gc          ] GC(6) Pause Cleanup 147M->147M(1024M) 0.105ms
[2025-04-06T10:28:54.665+0530][gc,cpu      ] GC(6) User=0.00s Sys=0.00s Real=0.00s
[2025-04-06T10:28:54.665+0530][gc,marking  ] GC(6) Concurrent Clear Claimed Marks
[2025-04-06T10:28:54.665+0530][gc,marking  ] GC(6) Concurrent Clear Claimed Marks 0.033ms
[2025-04-06T10:28:54.665+0530][gc,marking  ] GC(6) Concurrent Cleanup for Next Mark
[2025-04-06T10:28:54.666+0530][gc,marking  ] GC(6) Concurrent Cleanup for Next Mark 0.960ms
[2025-04-06T10:28:54.666+0530][gc          ] GC(6) Concurrent Mark Cycle 12.069ms
[2025-04-06T10:29:10.488+0530][gc,start    ] GC(7) Pause Young (Prepare Mixed) (G1 Evacuation Pause)
[2025-04-06T10:29:10.488+0530][gc,task     ] GC(7) Using 13 workers of 13 for evacuation
[2025-04-06T10:29:10.490+0530][gc,phases   ] GC(7)   Pre Evacuate Collection Set: 0.2ms
[2025-04-06T10:29:10.490+0530][gc,phases   ] GC(7)   Merge Heap Roots: 0.1ms
[2025-04-06T10:29:10.490+0530][gc,phases   ] GC(7)   Evacuate Collection Set: 0.8ms
[2025-04-06T10:29:10.490+0530][gc,phases   ] GC(7)   Post Evacuate Collection Set: 0.3ms
[2025-04-06T10:29:10.490+0530][gc,phases   ] GC(7)   Other: 0.0ms
[2025-04-06T10:29:10.490+0530][gc,heap     ] GC(7) Eden regions: 50->0(48)
[2025-04-06T10:29:10.490+0530][gc,heap     ] GC(7) Survivor regions: 1->3(7)
[2025-04-06T10:29:10.490+0530][gc,heap     ] GC(7) Old regions: 15->15
[2025-04-06T10:29:10.490+0530][gc,heap     ] GC(7) Humongous regions: 129->129
[2025-04-06T10:29:10.490+0530][gc,metaspace] GC(7) Metaspace: 39925K(40384K)->39925K(40384K) NonClass: 35507K(35776K)->35507K(35776K) Class: 4418K(4608K)->4418K(4608K)
[2025-04-06T10:29:10.490+0530][gc          ] GC(7) Pause Young (Prepare Mixed) (G1 Evacuation Pause) 194M->146M(1024M) 1.508ms
[2025-04-06T10:29:10.490+0530][gc,cpu      ] GC(7) User=0.02s Sys=0.00s Real=0.01s
[2025-04-06T10:29:36.624+0530][gc,start    ] GC(8) Pause Young (Mixed) (G1 Evacuation Pause)
[2025-04-06T10:29:36.625+0530][gc,task     ] GC(8) Using 13 workers of 13 for evacuation
[2025-04-06T10:29:36.629+0530][gc,phases   ] GC(8)   Pre Evacuate Collection Set: 0.7ms
[2025-04-06T10:29:36.629+0530][gc,phases   ] GC(8)   Merge Heap Roots: 0.1ms
[2025-04-06T10:29:36.629+0530][gc,phases   ] GC(8)   Evacuate Collection Set: 2.5ms
[2025-04-06T10:29:36.629+0530][gc,phases   ] GC(8)   Post Evacuate Collection Set: 0.6ms
[2025-04-06T10:29:36.629+0530][gc,phases   ] GC(8)   Other: 0.1ms
[2025-04-06T10:29:36.629+0530][gc,heap     ] GC(8) Eden regions: 48->0(48)
[2025-04-06T10:29:36.629+0530][gc,heap     ] GC(8) Survivor regions: 3->3(7)
[2025-04-06T10:29:36.629+0530][gc,heap     ] GC(8) Old regions: 15->15
[2025-04-06T10:29:36.629+0530][gc,heap     ] GC(8) Humongous regions: 129->129
[2025-04-06T10:29:36.629+0530][gc,metaspace] GC(8) Metaspace: 40105K(40640K)->40105K(40640K) NonClass: 35645K(35968K)->35645K(35968K) Class: 4459K(4672K)->4459K(4672K)
[2025-04-06T10:29:36.629+0530][gc          ] GC(8) Pause Young (Mixed) (G1 Evacuation Pause) 194M->146M(1024M) 4.201ms
[2025-04-06T10:29:36.629+0530][gc,cpu      ] GC(8) User=0.03s Sys=0.00s Real=0.00s
[2025-04-06T10:30:05.043+0530][gc,start    ] GC(9) Pause Young (Normal) (G1 Evacuation Pause)
[2025-04-06T10:30:05.043+0530][gc,task     ] GC(9) Using 13 workers of 13 for evacuation
[2025-04-06T10:30:05.044+0530][gc,phases   ] GC(9)   Pre Evacuate Collection Set: 0.4ms
[2025-04-06T10:30:05.044+0530][gc,phases   ] GC(9)   Merge Heap Roots: 0.0ms
[2025-04-06T10:30:05.044+0530][gc,phases   ] GC(9)   Evacuate Collection Set: 0.7ms
[2025-04-06T10:30:05.044+0530][gc,phases   ] GC(9)   Post Evacuate Collection Set: 0.3ms
[2025-04-06T10:30:05.044+0530][gc,phases   ] GC(9)   Other: 0.1ms
[2025-04-06T10:30:05.044+0530][gc,heap     ] GC(9) Eden regions: 48->0(48)
[2025-04-06T10:30:05.044+0530][gc,heap     ] GC(9) Survivor regions: 3->3(7)
[2025-04-06T10:30:05.044+0530][gc,heap     ] GC(9) Old regions: 15->15
[2025-04-06T10:30:05.044+0530][gc,heap     ] GC(9) Humongous regions: 129->129
[2025-04-06T10:30:05.044+0530][gc,metaspace] GC(9) Metaspace: 40158K(40640K)->40158K(40640K) NonClass: 35691K(35968K)->35691K(35968K) Class: 4466K(4672K)->4466K(4672K)
[2025-04-06T10:30:05.044+0530][gc          ] GC(9) Pause Young (Normal) (G1 Evacuation Pause) 194M->146M(1024M) 1.596ms
[2025-04-06T10:30:05.044+0530][gc,cpu      ] GC(9) User=0.01s Sys=0.00s Real=0.00s
[2025-04-06T10:30:34.286+0530][gc,start    ] GC(10) Pause Young (Normal) (G1 Evacuation Pause)
[2025-04-06T10:30:34.286+0530][gc,task     ] GC(10) Using 13 workers of 13 for evacuation
[2025-04-06T10:30:34.290+0530][gc,phases   ] GC(10)   Pre Evacuate Collection Set: 0.6ms
[2025-04-06T10:30:34.290+0530][gc,phases   ] GC(10)   Merge Heap Roots: 0.1ms
[2025-04-06T10:30:34.290+0530][gc,phases   ] GC(10)   Evacuate Collection Set: 2.0ms
[2025-04-06T10:30:34.290+0530][gc,phases   ] GC(10)   Post Evacuate Collection Set: 0.7ms
[2025-04-06T10:30:34.290+0530][gc,phases   ] GC(10)   Other: 0.1ms
[2025-04-06T10:30:34.290+0530][gc,heap     ] GC(10) Eden regions: 48->0(57)
[2025-04-06T10:30:34.290+0530][gc,heap     ] GC(10) Survivor regions: 3->3(7)
[2025-04-06T10:30:34.290+0530][gc,heap     ] GC(10) Old regions: 15->15
[2025-04-06T10:30:34.290+0530][gc,heap     ] GC(10) Humongous regions: 129->129
[2025-04-06T10:30:34.290+0530][gc,metaspace] GC(10) Metaspace: 40167K(40704K)->40167K(40704K) NonClass: 35700K(36032K)->35700K(36032K) Class: 4466K(4672K)->4466K(4672K)
[2025-04-06T10:30:34.290+0530][gc          ] GC(10) Pause Young (Normal) (G1 Evacuation Pause) 194M->146M(1024M) 3.855ms
[2025-04-06T10:30:34.290+0530][gc,cpu      ] GC(10) User=0.03s Sys=0.00s Real=0.01s
[2025-04-06T10:31:08.491+0530][gc,start    ] GC(11) Pause Young (Normal) (G1 Evacuation Pause)
[2025-04-06T10:31:08.491+0530][gc,task     ] GC(11) Using 13 workers of 13 for evacuation
[2025-04-06T10:31:08.492+0530][gc,phases   ] GC(11)   Pre Evacuate Collection Set: 0.2ms
[2025-04-06T10:31:08.492+0530][gc,phases   ] GC(11)   Merge Heap Roots: 0.0ms
[2025-04-06T10:31:08.492+0530][gc,phases   ] GC(11)   Evacuate Collection Set: 0.8ms
[2025-04-06T10:31:08.492+0530][gc,phases   ] GC(11)   Post Evacuate Collection Set: 0.3ms
[2025-04-06T10:31:08.492+0530][gc,phases   ] GC(11)   Other: 0.1ms
[2025-04-06T10:31:08.493+0530][gc,heap     ] GC(11) Eden regions: 57->0(265)
[2025-04-06T10:31:08.493+0530][gc,heap     ] GC(11) Survivor regions: 3->3(8)
[2025-04-06T10:31:08.493+0530][gc,heap     ] GC(11) Old regions: 15->15
[2025-04-06T10:31:08.493+0530][gc,heap     ] GC(11) Humongous regions: 129->129
[2025-04-06T10:31:08.493+0530][gc,metaspace] GC(11) Metaspace: 40192K(40704K)->40192K(40704K) NonClass: 35725K(36032K)->35725K(36032K) Class: 4466K(4672K)->4466K(4672K)
[2025-04-06T10:31:08.493+0530][gc          ] GC(11) Pause Young (Normal) (G1 Evacuation Pause) 203M->146M(1024M) 1.496ms
[2025-04-06T10:31:08.493+0530][gc,cpu      ] GC(11) User=0.01s Sys=0.00s Real=0.00s
[2025-04-06T10:33:51.497+0530][gc,start    ] GC(12) Pause Young (Normal) (G1 Evacuation Pause)
[2025-04-06T10:33:51.497+0530][gc,task     ] GC(12) Using 13 workers of 13 for evacuation
[2025-04-06T10:33:51.499+0530][gc,phases   ] GC(12)   Pre Evacuate Collection Set: 0.3ms
[2025-04-06T10:33:51.499+0530][gc,phases   ] GC(12)   Merge Heap Roots: 0.1ms
[2025-04-06T10:33:51.499+0530][gc,phases   ] GC(12)   Evacuate Collection Set: 0.9ms
[2025-04-06T10:33:51.499+0530][gc,phases   ] GC(12)   Post Evacuate Collection Set: 0.3ms
[2025-04-06T10:33:51.499+0530][gc,phases   ] GC(12)   Other: 0.1ms
[2025-04-06T10:33:51.499+0530][gc,heap     ] GC(12) Eden regions: 265->0(610)
[2025-04-06T10:33:51.499+0530][gc,heap     ] GC(12) Survivor regions: 3->4(34)
[2025-04-06T10:33:51.499+0530][gc,heap     ] GC(12) Old regions: 15->15
[2025-04-06T10:33:51.499+0530][gc,heap     ] GC(12) Humongous regions: 129->129
[2025-04-06T10:33:51.499+0530][gc,metaspace] GC(12) Metaspace: 40214K(40704K)->40214K(40704K) NonClass: 35748K(36032K)->35748K(36032K) Class: 4466K(4672K)->4466K(4672K)
[2025-04-06T10:33:51.499+0530][gc          ] GC(12) Pause Young (Normal) (G1 Evacuation Pause) 411M->146M(1024M) 1.774ms
[2025-04-06T10:33:51.499+0530][gc,cpu      ] GC(12) User=0.01s Sys=0.00s Real=0.00s
[2025-04-06T10:40:04.163+0530][gc,start    ] GC(13) Pause Young (Normal) (G1 Evacuation Pause)
[2025-04-06T10:40:04.163+0530][gc,task     ] GC(13) Using 13 workers of 13 for evacuation
[2025-04-06T10:40:04.165+0530][gc,phases   ] GC(13)   Pre Evacuate Collection Set: 0.1ms
[2025-04-06T10:40:04.165+0530][gc,phases   ] GC(13)   Merge Heap Roots: 0.1ms
[2025-04-06T10:40:04.165+0530][gc,phases   ] GC(13)   Evacuate Collection Set: 1.3ms
[2025-04-06T10:40:04.166+0530][gc,phases   ] GC(13)   Post Evacuate Collection Set: 0.4ms
[2025-04-06T10:40:04.166+0530][gc,phases   ] GC(13)   Other: 0.1ms
[2025-04-06T10:40:04.166+0530][gc,heap     ] GC(13) Eden regions: 610->0(610)
[2025-04-06T10:40:04.166+0530][gc,heap     ] GC(13) Survivor regions: 4->4(77)
[2025-04-06T10:40:04.166+0530][gc,heap     ] GC(13) Old regions: 15->15
[2025-04-06T10:40:04.166+0530][gc,heap     ] GC(13) Humongous regions: 129->129
[2025-04-06T10:40:04.166+0530][gc,metaspace] GC(13) Metaspace: 41328K(41920K)->41328K(41920K) NonClass: 36659K(36992K)->36659K(36992K) Class: 4669K(4928K)->4669K(4928K)
[2025-04-06T10:40:04.166+0530][gc          ] GC(13) Pause Young (Normal) (G1 Evacuation Pause) 756M->147M(1024M) 2.082ms
[2025-04-06T10:40:04.166+0530][gc,cpu      ] GC(13) User=0.02s Sys=0.01s Real=0.00s
[2025-04-06T10:46:01.123+0530][gc,start    ] GC(14) Pause Young (Normal) (G1 Evacuation Pause)
[2025-04-06T10:46:01.123+0530][gc,task     ] GC(14) Using 13 workers of 13 for evacuation
[2025-04-06T10:46:01.124+0530][gc,phases   ] GC(14)   Pre Evacuate Collection Set: 0.1ms
[2025-04-06T10:46:01.124+0530][gc,phases   ] GC(14)   Merge Heap Roots: 0.1ms
[2025-04-06T10:46:01.124+0530][gc,phases   ] GC(14)   Evacuate Collection Set: 1.0ms
[2025-04-06T10:46:01.124+0530][gc,phases   ] GC(14)   Post Evacuate Collection Set: 0.4ms
[2025-04-06T10:46:01.124+0530][gc,phases   ] GC(14)   Other: 0.0ms
[2025-04-06T10:46:01.124+0530][gc,heap     ] GC(14) Eden regions: 610->0(610)
[2025-04-06T10:46:01.124+0530][gc,heap     ] GC(14) Survivor regions: 4->4(77)
[2025-04-06T10:46:01.124+0530][gc,heap     ] GC(14) Old regions: 15->15
[2025-04-06T10:46:01.124+0530][gc,heap     ] GC(14) Humongous regions: 129->129
[2025-04-06T10:46:01.124+0530][gc,metaspace] GC(14) Metaspace: 41469K(42048K)->41469K(42048K) NonClass: 36799K(37120K)->36799K(37120K) Class: 4669K(4928K)->4669K(4928K)
[2025-04-06T10:46:01.124+0530][gc          ] GC(14) Pause Young (Normal) (G1 Evacuation Pause) 757M->147M(1024M) 1.610ms
[2025-04-06T10:46:01.124+0530][gc,cpu      ] GC(14) User=0.01s Sys=0.00s Real=0.00s
[2025-04-06T10:49:30.925+0530][gc,start    ] GC(15) Pause Young (Normal) (G1 Evacuation Pause)
[2025-04-06T10:49:30.925+0530][gc,task     ] GC(15) Using 13 workers of 13 for evacuation
[2025-04-06T10:49:30.926+0530][gc,phases   ] GC(15)   Pre Evacuate Collection Set: 0.1ms
[2025-04-06T10:49:30.926+0530][gc,phases   ] GC(15)   Merge Heap Roots: 0.1ms
[2025-04-06T10:49:30.926+0530][gc,phases   ] GC(15)   Evacuate Collection Set: 1.0ms
[2025-04-06T10:49:30.926+0530][gc,phases   ] GC(15)   Post Evacuate Collection Set: 0.4ms
[2025-04-06T10:49:30.926+0530][gc,phases   ] GC(15)   Other: 0.0ms
[2025-04-06T10:49:30.926+0530][gc,heap     ] GC(15) Eden regions: 610->0(610)
[2025-04-06T10:49:30.926+0530][gc,heap     ] GC(15) Survivor regions: 4->4(77)
[2025-04-06T10:49:30.926+0530][gc,heap     ] GC(15) Old regions: 15->15
[2025-04-06T10:49:30.926+0530][gc,heap     ] GC(15) Humongous regions: 129->129
[2025-04-06T10:49:30.926+0530][gc,metaspace] GC(15) Metaspace: 41637K(42240K)->41637K(42240K) NonClass: 36967K(37312K)->36967K(37312K) Class: 4669K(4928K)->4669K(4928K)
[2025-04-06T10:49:30.926+0530][gc          ] GC(15) Pause Young (Normal) (G1 Evacuation Pause) 757M->147M(1024M) 1.705ms
[2025-04-06T10:49:30.926+0530][gc,cpu      ] GC(15) User=0.01s Sys=0.00s Real=0.00s
[2025-04-06T10:53:18.861+0530][gc,start    ] GC(16) Pause Young (Normal) (G1 Evacuation Pause)
[2025-04-06T10:53:18.861+0530][gc,task     ] GC(16) Using 13 workers of 13 for evacuation
[2025-04-06T10:53:18.863+0530][gc,phases   ] GC(16)   Pre Evacuate Collection Set: 0.1ms
[2025-04-06T10:53:18.863+0530][gc,phases   ] GC(16)   Merge Heap Roots: 0.1ms
[2025-04-06T10:53:18.863+0530][gc,phases   ] GC(16)   Evacuate Collection Set: 1.0ms
[2025-04-06T10:53:18.863+0530][gc,phases   ] GC(16)   Post Evacuate Collection Set: 0.4ms
[2025-04-06T10:53:18.863+0530][gc,phases   ] GC(16)   Other: 0.0ms
[2025-04-06T10:53:18.863+0530][gc,heap     ] GC(16) Eden regions: 610->0(610)
[2025-04-06T10:53:18.863+0530][gc,heap     ] GC(16) Survivor regions: 4->4(77)
[2025-04-06T10:53:18.863+0530][gc,heap     ] GC(16) Old regions: 15->15
[2025-04-06T10:53:18.863+0530][gc,heap     ] GC(16) Humongous regions: 129->129
[2025-04-06T10:53:18.863+0530][gc,metaspace] GC(16) Metaspace: 41708K(42304K)->41708K(42304K) NonClass: 37039K(37376K)->37039K(37376K) Class: 4669K(4928K)->4669K(4928K)
[2025-04-06T10:53:18.863+0530][gc          ] GC(16) Pause Young (Normal) (G1 Evacuation Pause) 757M->147M(1024M) 1.732ms
[2025-04-06T10:53:18.863+0530][gc,cpu      ] GC(16) User=0.02s Sys=0.00s Real=0.00s
[2025-04-06T10:56:17.838+0530][gc,start    ] GC(17) Pause Young (Normal) (G1 Evacuation Pause)
[2025-04-06T10:56:17.838+0530][gc,task     ] GC(17) Using 13 workers of 13 for evacuation
[2025-04-06T10:56:17.840+0530][gc,phases   ] GC(17)   Pre Evacuate Collection Set: 0.3ms
[2025-04-06T10:56:17.840+0530][gc,phases   ] GC(17)   Merge Heap Roots: 0.1ms
[2025-04-06T10:56:17.840+0530][gc,phases   ] GC(17)   Evacuate Collection Set: 1.1ms
[2025-04-06T10:56:17.840+0530][gc,phases   ] GC(17)   Post Evacuate Collection Set: 0.4ms
[2025-04-06T10:56:17.840+0530][gc,phases   ] GC(17)   Other: 0.1ms
[2025-04-06T10:56:17.840+0530][gc,heap     ] GC(17) Eden regions: 610->0(610)
[2025-04-06T10:56:17.840+0530][gc,heap     ] GC(17) Survivor regions: 4->4(77)
[2025-04-06T10:56:17.840+0530][gc,heap     ] GC(17) Old regions: 15->15
[2025-04-06T10:56:17.840+0530][gc,heap     ] GC(17) Humongous regions: 129->129
[2025-04-06T10:56:17.840+0530][gc,metaspace] GC(17) Metaspace: 41814K(42432K)->41814K(42432K) NonClass: 37145K(37504K)->37145K(37504K) Class: 4669K(4928K)->4669K(4928K)
[2025-04-06T10:56:17.840+0530][gc          ] GC(17) Pause Young (Normal) (G1 Evacuation Pause) 757M->147M(1024M) 2.068ms
[2025-04-06T10:56:17.840+0530][gc,cpu      ] GC(17) User=0.02s Sys=0.00s Real=0.01s
[2025-04-06T10:59:18.366+0530][gc,start    ] GC(18) Pause Young (Normal) (G1 Evacuation Pause)
[2025-04-06T10:59:18.367+0530][gc,task     ] GC(18) Using 13 workers of 13 for evacuation
[2025-04-06T10:59:18.368+0530][gc,phases   ] GC(18)   Pre Evacuate Collection Set: 0.1ms
[2025-04-06T10:59:18.368+0530][gc,phases   ] GC(18)   Merge Heap Roots: 0.1ms
[2025-04-06T10:59:18.368+0530][gc,phases   ] GC(18)   Evacuate Collection Set: 1.2ms
[2025-04-06T10:59:18.368+0530][gc,phases   ] GC(18)   Post Evacuate Collection Set: 0.4ms
[2025-04-06T10:59:18.368+0530][gc,phases   ] GC(18)   Other: 0.0ms
[2025-04-06T10:59:18.368+0530][gc,heap     ] GC(18) Eden regions: 610->0(609)
[2025-04-06T10:59:18.368+0530][gc,heap     ] GC(18) Survivor regions: 4->5(77)
[2025-04-06T10:59:18.368+0530][gc,heap     ] GC(18) Old regions: 15->15
[2025-04-06T10:59:18.368+0530][gc,heap     ] GC(18) Humongous regions: 129->129
[2025-04-06T10:59:18.368+0530][gc,metaspace] GC(18) Metaspace: 42023K(42560K)->42023K(42560K) NonClass: 37354K(37632K)->37354K(37632K) Class: 4669K(4928K)->4669K(4928K)
[2025-04-06T10:59:18.368+0530][gc          ] GC(18) Pause Young (Normal) (G1 Evacuation Pause) 757M->147M(1024M) 1.885ms
[2025-04-06T10:59:18.368+0530][gc,cpu      ] GC(18) User=0.02s Sys=0.00s Real=0.00s
[2025-04-06T11:02:23.564+0530][gc,start    ] GC(19) Pause Young (Normal) (G1 Evacuation Pause)
[2025-04-06T11:02:23.564+0530][gc,task     ] GC(19) Using 13 workers of 13 for evacuation
[2025-04-06T11:02:23.566+0530][gc,phases   ] GC(19)   Pre Evacuate Collection Set: 0.1ms
[2025-04-06T11:02:23.566+0530][gc,phases   ] GC(19)   Merge Heap Roots: 0.1ms
[2025-04-06T11:02:23.566+0530][gc,phases   ] GC(19)   Evacuate Collection Set: 1.1ms
[2025-04-06T11:02:23.566+0530][gc,phases   ] GC(19)   Post Evacuate Collection Set: 0.4ms
[2025-04-06T11:02:23.566+0530][gc,phases   ] GC(19)   Other: 0.0ms
[2025-04-06T11:02:23.566+0530][gc,heap     ] GC(19) Eden regions: 609->0(610)
[2025-04-06T11:02:23.566+0530][gc,heap     ] GC(19) Survivor regions: 5->4(77)
[2025-04-06T11:02:23.566+0530][gc,heap     ] GC(19) Old regions: 15->15
[2025-04-06T11:02:23.566+0530][gc,heap     ] GC(19) Humongous regions: 129->129
[2025-04-06T11:02:23.566+0530][gc,metaspace] GC(19) Metaspace: 42182K(42816K)->42182K(42816K) NonClass: 37513K(37888K)->37513K(37888K) Class: 4669K(4928K)->4669K(4928K)
[2025-04-06T11:02:23.566+0530][gc          ] GC(19) Pause Young (Normal) (G1 Evacuation Pause) 756M->147M(1024M) 1.824ms
[2025-04-06T11:02:23.566+0530][gc,cpu      ] GC(19) User=0.01s Sys=0.00s Real=0.00s
[2025-04-06T11:05:20.839+0530][gc,start    ] GC(20) Pause Young (Normal) (G1 Evacuation Pause)
[2025-04-06T11:05:20.839+0530][gc,task     ] GC(20) Using 13 workers of 13 for evacuation
[2025-04-06T11:05:20.841+0530][gc,phases   ] GC(20)   Pre Evacuate Collection Set: 0.2ms
[2025-04-06T11:05:20.841+0530][gc,phases   ] GC(20)   Merge Heap Roots: 0.1ms
[2025-04-06T11:05:20.841+0530][gc,phases   ] GC(20)   Evacuate Collection Set: 1.5ms
[2025-04-06T11:05:20.841+0530][gc,phases   ] GC(20)   Post Evacuate Collection Set: 0.4ms
[2025-04-06T11:05:20.841+0530][gc,phases   ] GC(20)   Other: 0.1ms
[2025-04-06T11:05:20.841+0530][gc,heap     ] GC(20) Eden regions: 610->0(610)
[2025-04-06T11:05:20.841+0530][gc,heap     ] GC(20) Survivor regions: 4->4(77)
[2025-04-06T11:05:20.841+0530][gc,heap     ] GC(20) Old regions: 15->16
[2025-04-06T11:05:20.841+0530][gc,heap     ] GC(20) Humongous regions: 129->129
[2025-04-06T11:05:20.841+0530][gc,metaspace] GC(20) Metaspace: 42252K(42816K)->42252K(42816K) NonClass: 37582K(37888K)->37582K(37888K) Class: 4669K(4928K)->4669K(4928K)
[2025-04-06T11:05:20.841+0530][gc          ] GC(20) Pause Young (Normal) (G1 Evacuation Pause) 757M->148M(1024M) 2.403ms
[2025-04-06T11:05:20.841+0530][gc,cpu      ] GC(20) User=0.02s Sys=0.00s Real=0.01s
[2025-04-06T11:08:10.575+0530][gc,start    ] GC(21) Pause Young (Normal) (G1 Evacuation Pause)
[2025-04-06T11:08:10.575+0530][gc,task     ] GC(21) Using 13 workers of 13 for evacuation
[2025-04-06T11:08:10.577+0530][gc,phases   ] GC(21)   Pre Evacuate Collection Set: 0.1ms
[2025-04-06T11:08:10.577+0530][gc,phases   ] GC(21)   Merge Heap Roots: 0.1ms
[2025-04-06T11:08:10.577+0530][gc,phases   ] GC(21)   Evacuate Collection Set: 1.1ms
[2025-04-06T11:08:10.577+0530][gc,phases   ] GC(21)   Post Evacuate Collection Set: 0.4ms
[2025-04-06T11:08:10.577+0530][gc,phases   ] GC(21)   Other: 0.0ms
[2025-04-06T11:08:10.577+0530][gc,heap     ] GC(21) Eden regions: 610->0(610)
[2025-04-06T11:08:10.577+0530][gc,heap     ] GC(21) Survivor regions: 4->4(77)
[2025-04-06T11:08:10.577+0530][gc,heap     ] GC(21) Old regions: 16->16
[2025-04-06T11:08:10.577+0530][gc,heap     ] GC(21) Humongous regions: 129->129
[2025-04-06T11:08:10.577+0530][gc,metaspace] GC(21) Metaspace: 42254K(42816K)->42254K(42816K) NonClass: 37584K(37888K)->37584K(37888K) Class: 4669K(4928K)->4669K(4928K)
[2025-04-06T11:08:10.577+0530][gc          ] GC(21) Pause Young (Normal) (G1 Evacuation Pause) 758M->147M(1024M) 1.796ms
[2025-04-06T11:08:10.577+0530][gc,cpu      ] GC(21) User=0.01s Sys=0.00s Real=0.00s
[2025-04-06T11:11:00.110+0530][gc,start    ] GC(22) Pause Young (Normal) (G1 Evacuation Pause)
[2025-04-06T11:11:00.110+0530][gc,task     ] GC(22) Using 13 workers of 13 for evacuation
[2025-04-06T11:11:00.112+0530][gc,phases   ] GC(22)   Pre Evacuate Collection Set: 0.1ms
[2025-04-06T11:11:00.112+0530][gc,phases   ] GC(22)   Merge Heap Roots: 0.1ms
[2025-04-06T11:11:00.112+0530][gc,phases   ] GC(22)   Evacuate Collection Set: 1.0ms
[2025-04-06T11:11:00.112+0530][gc,phases   ] GC(22)   Post Evacuate Collection Set: 0.3ms
[2025-04-06T11:11:00.112+0530][gc,phases   ] GC(22)   Other: 0.0ms
[2025-04-06T11:11:00.112+0530][gc,heap     ] GC(22) Eden regions: 610->0(611)
[2025-04-06T11:11:00.112+0530][gc,heap     ] GC(22) Survivor regions: 4->3(77)
[2025-04-06T11:11:00.112+0530][gc,heap     ] GC(22) Old regions: 16->17
[2025-04-06T11:11:00.112+0530][gc,heap     ] GC(22) Humongous regions: 129->129
[2025-04-06T11:11:00.112+0530][gc,metaspace] GC(22) Metaspace: 42269K(42880K)->42269K(42880K) NonClass: 37599K(37952K)->37599K(37952K) Class: 4669K(4928K)->4669K(4928K)
[2025-04-06T11:11:00.112+0530][gc          ] GC(22) Pause Young (Normal) (G1 Evacuation Pause) 757M->148M(1024M) 1.667ms
[2025-04-06T11:11:00.112+0530][gc,cpu      ] GC(22) User=0.01s Sys=0.00s Real=0.00s
[2025-04-06T11:13:49.797+0530][gc,start    ] GC(23) Pause Young (Normal) (G1 Evacuation Pause)
[2025-04-06T11:13:49.797+0530][gc,task     ] GC(23) Using 13 workers of 13 for evacuation
[2025-04-06T11:13:49.799+0530][gc,phases   ] GC(23)   Pre Evacuate Collection Set: 0.1ms
[2025-04-06T11:13:49.799+0530][gc,phases   ] GC(23)   Merge Heap Roots: 0.1ms
[2025-04-06T11:13:49.799+0530][gc,phases   ] GC(23)   Evacuate Collection Set: 0.9ms
[2025-04-06T11:13:49.799+0530][gc,phases   ] GC(23)   Post Evacuate Collection Set: 0.3ms
[2025-04-06T11:13:49.799+0530][gc,phases   ] GC(23)   Other: 0.1ms
[2025-04-06T11:13:49.799+0530][gc,heap     ] GC(23) Eden regions: 611->0(611)
[2025-04-06T11:13:49.799+0530][gc,heap     ] GC(23) Survivor regions: 3->3(77)
[2025-04-06T11:13:49.799+0530][gc,heap     ] GC(23) Old regions: 17->17
[2025-04-06T11:13:49.799+0530][gc,heap     ] GC(23) Humongous regions: 129->129
[2025-04-06T11:13:49.799+0530][gc,metaspace] GC(23) Metaspace: 42283K(42880K)->42283K(42880K) NonClass: 37614K(37952K)->37614K(37952K) Class: 4669K(4928K)->4669K(4928K)
[2025-04-06T11:13:49.799+0530][gc          ] GC(23) Pause Young (Normal) (G1 Evacuation Pause) 759M->148M(1024M) 1.678ms
[2025-04-06T11:13:49.799+0530][gc,cpu      ] GC(23) User=0.02s Sys=0.00s Real=0.00s
[2025-04-06T11:16:39.912+0530][gc,start    ] GC(24) Pause Young (Normal) (G1 Evacuation Pause)
[2025-04-06T11:16:39.912+0530][gc,task     ] GC(24) Using 13 workers of 13 for evacuation
[2025-04-06T11:16:39.913+0530][gc,phases   ] GC(24)   Pre Evacuate Collection Set: 0.1ms
[2025-04-06T11:16:39.913+0530][gc,phases   ] GC(24)   Merge Heap Roots: 0.1ms
[2025-04-06T11:16:39.913+0530][gc,phases   ] GC(24)   Evacuate Collection Set: 0.8ms
[2025-04-06T11:16:39.913+0530][gc,phases   ] GC(24)   Post Evacuate Collection Set: 0.3ms
[2025-04-06T11:16:39.913+0530][gc,phases   ] GC(24)   Other: 0.0ms
[2025-04-06T11:16:39.913+0530][gc,heap     ] GC(24) Eden regions: 611->0(611)
[2025-04-06T11:16:39.913+0530][gc,heap     ] GC(24) Survivor regions: 3->3(77)
[2025-04-06T11:16:39.913+0530][gc,heap     ] GC(24) Old regions: 17->17
[2025-04-06T11:16:39.913+0530][gc,heap     ] GC(24) Humongous regions: 129->129
[2025-04-06T11:16:39.913+0530][gc,metaspace] GC(24) Metaspace: 42314K(42880K)->42314K(42880K) NonClass: 37645K(37952K)->37645K(37952K) Class: 4669K(4928K)->4669K(4928K)
[2025-04-06T11:16:39.913+0530][gc          ] GC(24) Pause Young (Normal) (G1 Evacuation Pause) 759M->148M(1024M) 1.456ms
[2025-04-06T11:16:39.913+0530][gc,cpu      ] GC(24) User=0.01s Sys=0.00s Real=0.00s
[2025-04-06T11:19:36.430+0530][gc,start    ] GC(25) Pause Young (Normal) (G1 Evacuation Pause)
[2025-04-06T11:19:36.430+0530][gc,task     ] GC(25) Using 13 workers of 13 for evacuation
[2025-04-06T11:19:36.432+0530][gc,phases   ] GC(25)   Pre Evacuate Collection Set: 0.1ms
[2025-04-06T11:19:36.432+0530][gc,phases   ] GC(25)   Merge Heap Roots: 0.1ms
[2025-04-06T11:19:36.432+0530][gc,phases   ] GC(25)   Evacuate Collection Set: 0.7ms
[2025-04-06T11:19:36.432+0530][gc,phases   ] GC(25)   Post Evacuate Collection Set: 0.3ms
[2025-04-06T11:19:36.432+0530][gc,phases   ] GC(25)   Other: 0.0ms
[2025-04-06T11:19:36.432+0530][gc,heap     ] GC(25) Eden regions: 611->0(611)
[2025-04-06T11:19:36.432+0530][gc,heap     ] GC(25) Survivor regions: 3->3(77)
[2025-04-06T11:19:36.432+0530][gc,heap     ] GC(25) Old regions: 17->17
[2025-04-06T11:19:36.432+0530][gc,heap     ] GC(25) Humongous regions: 129->129
[2025-04-06T11:19:36.432+0530][gc,metaspace] GC(25) Metaspace: 42335K(42944K)->42335K(42944K) NonClass: 37666K(38016K)->37666K(38016K) Class: 4669K(4928K)->4669K(4928K)
[2025-04-06T11:19:36.432+0530][gc          ] GC(25) Pause Young (Normal) (G1 Evacuation Pause) 759M->148M(1024M) 1.399ms
[2025-04-06T11:19:36.432+0530][gc,cpu      ] GC(25) User=0.01s Sys=0.00s Real=0.00s
[2025-04-06T11:22:29.452+0530][gc,start    ] GC(26) Pause Young (Normal) (G1 Evacuation Pause)
[2025-04-06T11:22:29.452+0530][gc,task     ] GC(26) Using 13 workers of 13 for evacuation
[2025-04-06T11:22:29.453+0530][gc,phases   ] GC(26)   Pre Evacuate Collection Set: 0.1ms
[2025-04-06T11:22:29.453+0530][gc,phases   ] GC(26)   Merge Heap Roots: 0.1ms
[2025-04-06T11:22:29.453+0530][gc,phases   ] GC(26)   Evacuate Collection Set: 0.7ms
[2025-04-06T11:22:29.453+0530][gc,phases   ] GC(26)   Post Evacuate Collection Set: 0.3ms
[2025-04-06T11:22:29.453+0530][gc,phases   ] GC(26)   Other: 0.0ms
[2025-04-06T11:22:29.453+0530][gc,heap     ] GC(26) Eden regions: 611->0(611)
[2025-04-06T11:22:29.453+0530][gc,heap     ] GC(26) Survivor regions: 3->3(77)
[2025-04-06T11:22:29.453+0530][gc,heap     ] GC(26) Old regions: 17->17
[2025-04-06T11:22:29.453+0530][gc,heap     ] GC(26) Humongous regions: 129->129
[2025-04-06T11:22:29.453+0530][gc,metaspace] GC(26) Metaspace: 42348K(42944K)->42348K(42944K) NonClass: 37678K(38016K)->37678K(38016K) Class: 4669K(4928K)->4669K(4928K)
[2025-04-06T11:22:29.453+0530][gc          ] GC(26) Pause Young (Normal) (G1 Evacuation Pause) 759M->148M(1024M) 1.371ms
[2025-04-06T11:22:29.453+0530][gc,cpu      ] GC(26) User=0.01s Sys=0.00s Real=0.00s
[2025-04-06T11:25:20.770+0530][gc,start    ] GC(27) Pause Young (Normal) (G1 Evacuation Pause)
[2025-04-06T11:25:20.770+0530][gc,task     ] GC(27) Using 13 workers of 13 for evacuation
[2025-04-06T11:25:20.772+0530][gc,phases   ] GC(27)   Pre Evacuate Collection Set: 0.1ms
[2025-04-06T11:25:20.772+0530][gc,phases   ] GC(27)   Merge Heap Roots: 0.1ms
[2025-04-06T11:25:20.772+0530][gc,phases   ] GC(27)   Evacuate Collection Set: 0.7ms
[2025-04-06T11:25:20.772+0530][gc,phases   ] GC(27)   Post Evacuate Collection Set: 0.3ms
[2025-04-06T11:25:20.772+0530][gc,phases   ] GC(27)   Other: 0.0ms
[2025-04-06T11:25:20.772+0530][gc,heap     ] GC(27) Eden regions: 611->0(611)
[2025-04-06T11:25:20.772+0530][gc,heap     ] GC(27) Survivor regions: 3->3(77)
[2025-04-06T11:25:20.772+0530][gc,heap     ] GC(27) Old regions: 17->17
[2025-04-06T11:25:20.772+0530][gc,heap     ] GC(27) Humongous regions: 129->129
[2025-04-06T11:25:20.772+0530][gc,metaspace] GC(27) Metaspace: 42354K(42944K)->42354K(42944K) NonClass: 37685K(38016K)->37685K(38016K) Class: 4669K(4928K)->4669K(4928K)
[2025-04-06T11:25:20.772+0530][gc          ] GC(27) Pause Young (Normal) (G1 Evacuation Pause) 759M->148M(1024M) 1.379ms
[2025-04-06T11:25:20.772+0530][gc,cpu      ] GC(27) User=0.01s Sys=0.00s Real=0.00s
[2025-04-06T11:28:13.454+0530][gc,start    ] GC(28) Pause Young (Normal) (G1 Evacuation Pause)
[2025-04-06T11:28:13.454+0530][gc,task     ] GC(28) Using 13 workers of 13 for evacuation
[2025-04-06T11:28:13.455+0530][gc,phases   ] GC(28)   Pre Evacuate Collection Set: 0.1ms
[2025-04-06T11:28:13.455+0530][gc,phases   ] GC(28)   Merge Heap Roots: 0.1ms
[2025-04-06T11:28:13.455+0530][gc,phases   ] GC(28)   Evacuate Collection Set: 0.8ms
[2025-04-06T11:28:13.455+0530][gc,phases   ] GC(28)   Post Evacuate Collection Set: 0.3ms
[2025-04-06T11:28:13.455+0530][gc,phases   ] GC(28)   Other: 0.1ms
[2025-04-06T11:28:13.455+0530][gc,heap     ] GC(28) Eden regions: 611->0(612)
[2025-04-06T11:28:13.455+0530][gc,heap     ] GC(28) Survivor regions: 3->2(77)
[2025-04-06T11:28:13.455+0530][gc,heap     ] GC(28) Old regions: 17->18
[2025-04-06T11:28:13.455+0530][gc,heap     ] GC(28) Humongous regions: 129->129
[2025-04-06T11:28:13.455+0530][gc,metaspace] GC(28) Metaspace: 42388K(43008K)->42388K(43008K) NonClass: 37718K(38080K)->37718K(38080K) Class: 4669K(4928K)->4669K(4928K)
[2025-04-06T11:28:13.456+0530][gc          ] GC(28) Pause Young (Normal) (G1 Evacuation Pause) 759M->148M(1024M) 1.419ms
[2025-04-06T11:28:13.456+0530][gc,cpu      ] GC(28) User=0.00s Sys=0.00s Real=0.00s
[2025-04-06T11:31:05.925+0530][gc,start    ] GC(29) Pause Young (Normal) (G1 Evacuation Pause)
[2025-04-06T11:31:05.925+0530][gc,task     ] GC(29) Using 13 workers of 13 for evacuation
[2025-04-06T11:31:05.926+0530][gc,phases   ] GC(29)   Pre Evacuate Collection Set: 0.1ms
[2025-04-06T11:31:05.926+0530][gc,phases   ] GC(29)   Merge Heap Roots: 0.1ms
[2025-04-06T11:31:05.926+0530][gc,phases   ] GC(29)   Evacuate Collection Set: 0.8ms
[2025-04-06T11:31:05.926+0530][gc,phases   ] GC(29)   Post Evacuate Collection Set: 0.3ms
[2025-04-06T11:31:05.926+0530][gc,phases   ] GC(29)   Other: 0.0ms
[2025-04-06T11:31:05.926+0530][gc,heap     ] GC(29) Eden regions: 612->0(610)
[2025-04-06T11:31:05.926+0530][gc,heap     ] GC(29) Survivor regions: 2->4(77)
[2025-04-06T11:31:05.926+0530][gc,heap     ] GC(29) Old regions: 18->18
[2025-04-06T11:31:05.926+0530][gc,heap     ] GC(29) Humongous regions: 129->129
[2025-04-06T11:31:05.926+0530][gc,metaspace] GC(29) Metaspace: 42428K(43008K)->42428K(43008K) NonClass: 37754K(38080K)->37754K(38080K) Class: 4673K(4928K)->4673K(4928K)
[2025-04-06T11:31:05.926+0530][gc          ] GC(29) Pause Young (Normal) (G1 Evacuation Pause) 760M->149M(1024M) 1.408ms
[2025-04-06T11:31:05.926+0530][gc,cpu      ] GC(29) User=0.01s Sys=0.00s Real=0.00s
[2025-04-06T11:34:29.627+0530][gc,start    ] GC(30) Pause Young (Normal) (G1 Evacuation Pause)
[2025-04-06T11:34:29.627+0530][gc,task     ] GC(30) Using 13 workers of 13 for evacuation
[2025-04-06T11:34:29.629+0530][gc,phases   ] GC(30)   Pre Evacuate Collection Set: 0.1ms
[2025-04-06T11:34:29.629+0530][gc,phases   ] GC(30)   Merge Heap Roots: 0.1ms
[2025-04-06T11:34:29.629+0530][gc,phases   ] GC(30)   Evacuate Collection Set: 0.8ms
[2025-04-06T11:34:29.629+0530][gc,phases   ] GC(30)   Post Evacuate Collection Set: 0.3ms
[2025-04-06T11:34:29.629+0530][gc,phases   ] GC(30)   Other: 0.0ms
[2025-04-06T11:34:29.629+0530][gc,heap     ] GC(30) Eden regions: 610->0(611)
[2025-04-06T11:34:29.629+0530][gc,heap     ] GC(30) Survivor regions: 4->3(77)
[2025-04-06T11:34:29.629+0530][gc,heap     ] GC(30) Old regions: 18->18
[2025-04-06T11:34:29.629+0530][gc,heap     ] GC(30) Humongous regions: 129->129
[2025-04-06T11:34:29.629+0530][gc,metaspace] GC(30) Metaspace: 42476K(43072K)->42476K(43072K) NonClass: 37803K(38144K)->37803K(38144K) Class: 4673K(4928K)->4673K(4928K)
[2025-04-06T11:34:29.629+0530][gc          ] GC(30) Pause Young (Normal) (G1 Evacuation Pause) 759M->149M(1024M) 1.459ms
[2025-04-06T11:34:29.629+0530][gc,cpu      ] GC(30) User=0.01s Sys=0.00s Real=0.00s
[2025-04-06T11:40:14.011+0530][gc,start    ] GC(31) Pause Young (Normal) (G1 Evacuation Pause)
[2025-04-06T11:40:14.011+0530][gc,task     ] GC(31) Using 13 workers of 13 for evacuation
[2025-04-06T11:40:14.012+0530][gc,phases   ] GC(31)   Pre Evacuate Collection Set: 0.1ms
[2025-04-06T11:40:14.012+0530][gc,phases   ] GC(31)   Merge Heap Roots: 0.1ms
[2025-04-06T11:40:14.012+0530][gc,phases   ] GC(31)   Evacuate Collection Set: 0.9ms
[2025-04-06T11:40:14.012+0530][gc,phases   ] GC(31)   Post Evacuate Collection Set: 0.3ms
[2025-04-06T11:40:14.012+0530][gc,phases   ] GC(31)   Other: 0.1ms
[2025-04-06T11:40:14.012+0530][gc,heap     ] GC(31) Eden regions: 611->0(611)
[2025-04-06T11:40:14.012+0530][gc,heap     ] GC(31) Survivor regions: 3->3(77)
[2025-04-06T11:40:14.012+0530][gc,heap     ] GC(31) Old regions: 18->18
[2025-04-06T11:40:14.012+0530][gc,heap     ] GC(31) Humongous regions: 129->129
[2025-04-06T11:40:14.012+0530][gc,metaspace] GC(31) Metaspace: 42480K(43072K)->42480K(43072K) NonClass: 37807K(38144K)->37807K(38144K) Class: 4673K(4928K)->4673K(4928K)
[2025-04-06T11:40:14.012+0530][gc          ] GC(31) Pause Young (Normal) (G1 Evacuation Pause) 760M->149M(1024M) 1.589ms
[2025-04-06T11:40:14.012+0530][gc,cpu      ] GC(31) User=0.01s Sys=0.00s Real=0.00s
[2025-04-06T11:45:58.193+0530][gc,start    ] GC(32) Pause Young (Normal) (G1 Evacuation Pause)
[2025-04-06T11:45:58.193+0530][gc,task     ] GC(32) Using 13 workers of 13 for evacuation
[2025-04-06T11:45:58.195+0530][gc,phases   ] GC(32)   Pre Evacuate Collection Set: 0.1ms
[2025-04-06T11:45:58.195+0530][gc,phases   ] GC(32)   Merge Heap Roots: 0.1ms
[2025-04-06T11:45:58.195+0530][gc,phases   ] GC(32)   Evacuate Collection Set: 0.9ms
[2025-04-06T11:45:58.195+0530][gc,phases   ] GC(32)   Post Evacuate Collection Set: 0.3ms
[2025-04-06T11:45:58.195+0530][gc,phases   ] GC(32)   Other: 0.0ms
[2025-04-06T11:45:58.195+0530][gc,heap     ] GC(32) Eden regions: 611->0(611)
[2025-04-06T11:45:58.195+0530][gc,heap     ] GC(32) Survivor regions: 3->3(77)
[2025-04-06T11:45:58.195+0530][gc,heap     ] GC(32) Old regions: 18->18
[2025-04-06T11:45:58.195+0530][gc,heap     ] GC(32) Humongous regions: 129->129
[2025-04-06T11:45:58.195+0530][gc,metaspace] GC(32) Metaspace: 42484K(43072K)->42484K(43072K) NonClass: 37810K(38144K)->37810K(38144K) Class: 4673K(4928K)->4673K(4928K)
[2025-04-06T11:45:58.195+0530][gc          ] GC(32) Pause Young (Normal) (G1 Evacuation Pause) 760M->149M(1024M) 1.529ms
[2025-04-06T11:45:58.195+0530][gc,cpu      ] GC(32) User=0.01s Sys=0.00s Real=0.00s
[2025-04-06T11:51:43.762+0530][gc,start    ] GC(33) Pause Young (Normal) (G1 Evacuation Pause)
[2025-04-06T11:51:43.762+0530][gc,task     ] GC(33) Using 13 workers of 13 for evacuation
[2025-04-06T11:51:43.764+0530][gc,phases   ] GC(33)   Pre Evacuate Collection Set: 0.1ms
[2025-04-06T11:51:43.764+0530][gc,phases   ] GC(33)   Merge Heap Roots: 0.1ms
[2025-04-06T11:51:43.764+0530][gc,phases   ] GC(33)   Evacuate Collection Set: 0.8ms
[2025-04-06T11:51:43.764+0530][gc,phases   ] GC(33)   Post Evacuate Collection Set: 0.3ms
[2025-04-06T11:51:43.764+0530][gc,phases   ] GC(33)   Other: 0.1ms
[2025-04-06T11:51:43.764+0530][gc,heap     ] GC(33) Eden regions: 611->0(611)
[2025-04-06T11:51:43.764+0530][gc,heap     ] GC(33) Survivor regions: 3->3(77)
[2025-04-06T11:51:43.764+0530][gc,heap     ] GC(33) Old regions: 18->18
[2025-04-06T11:51:43.764+0530][gc,heap     ] GC(33) Humongous regions: 129->129
[2025-04-06T11:51:43.764+0530][gc,metaspace] GC(33) Metaspace: 42484K(43072K)->42484K(43072K) NonClass: 37811K(38144K)->37811K(38144K) Class: 4673K(4928K)->4673K(4928K)
[2025-04-06T11:51:43.764+0530][gc          ] GC(33) Pause Young (Normal) (G1 Evacuation Pause) 760M->149M(1024M) 1.485ms
[2025-04-06T11:51:43.764+0530][gc,cpu      ] GC(33) User=0.01s Sys=0.00s Real=0.00s
[2025-04-06T11:57:29.785+0530][gc,start    ] GC(34) Pause Young (Normal) (G1 Evacuation Pause)
[2025-04-06T11:57:29.785+0530][gc,task     ] GC(34) Using 13 workers of 13 for evacuation
[2025-04-06T11:57:29.787+0530][gc,phases   ] GC(34)   Pre Evacuate Collection Set: 0.1ms
[2025-04-06T11:57:29.787+0530][gc,phases   ] GC(34)   Merge Heap Roots: 0.1ms
[2025-04-06T11:57:29.787+0530][gc,phases   ] GC(34)   Evacuate Collection Set: 0.8ms
[2025-04-06T11:57:29.787+0530][gc,phases   ] GC(34)   Post Evacuate Collection Set: 0.3ms
[2025-04-06T11:57:29.787+0530][gc,phases   ] GC(34)   Other: 0.1ms
[2025-04-06T11:57:29.787+0530][gc,heap     ] GC(34) Eden regions: 611->0(611)
[2025-04-06T11:57:29.787+0530][gc,heap     ] GC(34) Survivor regions: 3->3(77)
[2025-04-06T11:57:29.787+0530][gc,heap     ] GC(34) Old regions: 18->19
[2025-04-06T11:57:29.787+0530][gc,heap     ] GC(34) Humongous regions: 129->129
[2025-04-06T11:57:29.787+0530][gc,metaspace] GC(34) Metaspace: 42529K(43072K)->42529K(43072K) NonClass: 37855K(38144K)->37855K(38144K) Class: 4673K(4928K)->4673K(4928K)
[2025-04-06T11:57:29.787+0530][gc          ] GC(34) Pause Young (Normal) (G1 Evacuation Pause) 760M->149M(1024M) 1.398ms
[2025-04-06T11:57:29.787+0530][gc,cpu      ] GC(34) User=0.01s Sys=0.00s Real=0.00s
[2025-04-06T12:03:14.280+0530][gc,start    ] GC(35) Pause Young (Normal) (G1 Evacuation Pause)
[2025-04-06T12:03:14.280+0530][gc,task     ] GC(35) Using 13 workers of 13 for evacuation
[2025-04-06T12:03:14.282+0530][gc,phases   ] GC(35)   Pre Evacuate Collection Set: 0.1ms
[2025-04-06T12:03:14.282+0530][gc,phases   ] GC(35)   Merge Heap Roots: 0.1ms
[2025-04-06T12:03:14.282+0530][gc,phases   ] GC(35)   Evacuate Collection Set: 1.1ms
[2025-04-06T12:03:14.282+0530][gc,phases   ] GC(35)   Post Evacuate Collection Set: 0.4ms
[2025-04-06T12:03:14.282+0530][gc,phases   ] GC(35)   Other: 0.1ms
[2025-04-06T12:03:14.282+0530][gc,heap     ] GC(35) Eden regions: 611->0(611)
[2025-04-06T12:03:14.282+0530][gc,heap     ] GC(35) Survivor regions: 3->3(77)
[2025-04-06T12:03:14.282+0530][gc,heap     ] GC(35) Old regions: 19->19
[2025-04-06T12:03:14.282+0530][gc,heap     ] GC(35) Humongous regions: 129->129
[2025-04-06T12:03:14.282+0530][gc,metaspace] GC(35) Metaspace: 42542K(43136K)->42542K(43136K) NonClass: 37869K(38208K)->37869K(38208K) Class: 4673K(4928K)->4673K(4928K)
[2025-04-06T12:03:14.282+0530][gc          ] GC(35) Pause Young (Normal) (G1 Evacuation Pause) 760M->149M(1024M) 1.830ms
[2025-04-06T12:03:14.282+0530][gc,cpu      ] GC(35) User=0.01s Sys=0.00s Real=0.00s
[2025-04-06T12:09:00.476+0530][gc,start    ] GC(36) Pause Young (Normal) (G1 Evacuation Pause)
[2025-04-06T12:09:00.476+0530][gc,task     ] GC(36) Using 13 workers of 13 for evacuation
[2025-04-06T12:09:00.478+0530][gc,phases   ] GC(36)   Pre Evacuate Collection Set: 0.2ms
[2025-04-06T12:09:00.478+0530][gc,phases   ] GC(36)   Merge Heap Roots: 0.1ms
[2025-04-06T12:09:00.478+0530][gc,phases   ] GC(36)   Evacuate Collection Set: 1.1ms
[2025-04-06T12:09:00.478+0530][gc,phases   ] GC(36)   Post Evacuate Collection Set: 0.4ms
[2025-04-06T12:09:00.478+0530][gc,phases   ] GC(36)   Other: 0.1ms
[2025-04-06T12:09:00.478+0530][gc,heap     ] GC(36) Eden regions: 611->0(611)
[2025-04-06T12:09:00.478+0530][gc,heap     ] GC(36) Survivor regions: 3->3(77)
[2025-04-06T12:09:00.478+0530][gc,heap     ] GC(36) Old regions: 19->19
[2025-04-06T12:09:00.478+0530][gc,heap     ] GC(36) Humongous regions: 129->129
[2025-04-06T12:09:00.478+0530][gc,metaspace] GC(36) Metaspace: 42612K(43136K)->42612K(43136K) NonClass: 37938K(38208K)->37938K(38208K) Class: 4673K(4928K)->4673K(4928K)
[2025-04-06T12:09:00.478+0530][gc          ] GC(36) Pause Young (Normal) (G1 Evacuation Pause) 760M->149M(1024M) 1.920ms
[2025-04-06T12:09:00.478+0530][gc,cpu      ] GC(36) User=0.01s Sys=0.00s Real=0.00s
[2025-04-06T12:14:18.777+0530][gc,start    ] GC(37) Pause Young (Normal) (G1 Evacuation Pause)
[2025-04-06T12:14:18.777+0530][gc,task     ] GC(37) Using 13 workers of 13 for evacuation
[2025-04-06T12:14:18.778+0530][gc,phases   ] GC(37)   Pre Evacuate Collection Set: 0.1ms
[2025-04-06T12:14:18.778+0530][gc,phases   ] GC(37)   Merge Heap Roots: 0.1ms
[2025-04-06T12:14:18.778+0530][gc,phases   ] GC(37)   Evacuate Collection Set: 0.9ms
[2025-04-06T12:14:18.778+0530][gc,phases   ] GC(37)   Post Evacuate Collection Set: 0.3ms
[2025-04-06T12:14:18.778+0530][gc,phases   ] GC(37)   Other: 0.0ms
[2025-04-06T12:14:18.778+0530][gc,heap     ] GC(37) Eden regions: 611->0(611)
[2025-04-06T12:14:18.778+0530][gc,heap     ] GC(37) Survivor regions: 3->3(77)
[2025-04-06T12:14:18.778+0530][gc,heap     ] GC(37) Old regions: 19->19
[2025-04-06T12:14:18.778+0530][gc,heap     ] GC(37) Humongous regions: 129->129
[2025-04-06T12:14:18.778+0530][gc,metaspace] GC(37) Metaspace: 42623K(43200K)->42623K(43200K) NonClass: 37950K(38272K)->37950K(38272K) Class: 4673K(4928K)->4673K(4928K)
[2025-04-06T12:14:18.778+0530][gc          ] GC(37) Pause Young (Normal) (G1 Evacuation Pause) 760M->149M(1024M) 1.482ms
[2025-04-06T12:14:18.778+0530][gc,cpu      ] GC(37) User=0.01s Sys=0.00s Real=0.00s
[2025-04-06T12:17:33.381+0530][gc,start    ] GC(38) Pause Young (Normal) (G1 Evacuation Pause)
[2025-04-06T12:17:33.381+0530][gc,task     ] GC(38) Using 13 workers of 13 for evacuation
[2025-04-06T12:17:33.382+0530][gc,phases   ] GC(38)   Pre Evacuate Collection Set: 0.1ms
[2025-04-06T12:17:33.382+0530][gc,phases   ] GC(38)   Merge Heap Roots: 0.1ms
[2025-04-06T12:17:33.382+0530][gc,phases   ] GC(38)   Evacuate Collection Set: 0.8ms
[2025-04-06T12:17:33.382+0530][gc,phases   ] GC(38)   Post Evacuate Collection Set: 0.3ms
[2025-04-06T12:17:33.382+0530][gc,phases   ] GC(38)   Other: 0.0ms
[2025-04-06T12:17:33.382+0530][gc,heap     ] GC(38) Eden regions: 611->0(611)
[2025-04-06T12:17:33.382+0530][gc,heap     ] GC(38) Survivor regions: 3->3(77)
[2025-04-06T12:17:33.382+0530][gc,heap     ] GC(38) Old regions: 19->19
[2025-04-06T12:17:33.382+0530][gc,heap     ] GC(38) Humongous regions: 129->129
[2025-04-06T12:17:33.382+0530][gc,metaspace] GC(38) Metaspace: 42623K(43200K)->42623K(43200K) NonClass: 37950K(38272K)->37950K(38272K) Class: 4673K(4928K)->4673K(4928K)
[2025-04-06T12:17:33.382+0530][gc          ] GC(38) Pause Young (Normal) (G1 Evacuation Pause) 760M->149M(1024M) 1.396ms
[2025-04-06T12:17:33.382+0530][gc,cpu      ] GC(38) User=0.01s Sys=0.00s Real=0.00s
[2025-04-06T12:23:17.065+0530][gc,start    ] GC(39) Pause Young (Normal) (G1 Evacuation Pause)
[2025-04-06T12:23:17.065+0530][gc,task     ] GC(39) Using 13 workers of 13 for evacuation
[2025-04-06T12:23:17.066+0530][gc,phases   ] GC(39)   Pre Evacuate Collection Set: 0.1ms
[2025-04-06T12:23:17.066+0530][gc,phases   ] GC(39)   Merge Heap Roots: 0.1ms
[2025-04-06T12:23:17.066+0530][gc,phases   ] GC(39)   Evacuate Collection Set: 0.7ms
[2025-04-06T12:23:17.066+0530][gc,phases   ] GC(39)   Post Evacuate Collection Set: 0.3ms
[2025-04-06T12:23:17.066+0530][gc,phases   ] GC(39)   Other: 0.1ms
[2025-04-06T12:23:17.066+0530][gc,heap     ] GC(39) Eden regions: 611->0(611)
[2025-04-06T12:23:17.066+0530][gc,heap     ] GC(39) Survivor regions: 3->3(77)
[2025-04-06T12:23:17.066+0530][gc,heap     ] GC(39) Old regions: 19->19
[2025-04-06T12:23:17.066+0530][gc,heap     ] GC(39) Humongous regions: 129->129
[2025-04-06T12:23:17.066+0530][gc,metaspace] GC(39) Metaspace: 42627K(43200K)->42627K(43200K) NonClass: 37953K(38272K)->37953K(38272K) Class: 4673K(4928K)->4673K(4928K)
[2025-04-06T12:23:17.066+0530][gc          ] GC(39) Pause Young (Normal) (G1 Evacuation Pause) 760M->149M(1024M) 1.385ms
[2025-04-06T12:23:17.066+0530][gc,cpu      ] GC(39) User=0.01s Sys=0.00s Real=0.00s
[2025-04-06T12:28:58.496+0530][gc,start    ] GC(40) Pause Young (Normal) (G1 Evacuation Pause)
[2025-04-06T12:28:58.496+0530][gc,task     ] GC(40) Using 13 workers of 13 for evacuation
[2025-04-06T12:28:58.497+0530][gc,phases   ] GC(40)   Pre Evacuate Collection Set: 0.1ms
[2025-04-06T12:28:58.497+0530][gc,phases   ] GC(40)   Merge Heap Roots: 0.1ms
[2025-04-06T12:28:58.497+0530][gc,phases   ] GC(40)   Evacuate Collection Set: 0.7ms
[2025-04-06T12:28:58.497+0530][gc,phases   ] GC(40)   Post Evacuate Collection Set: 0.3ms
[2025-04-06T12:28:58.497+0530][gc,phases   ] GC(40)   Other: 0.0ms
[2025-04-06T12:28:58.497+0530][gc,heap     ] GC(40) Eden regions: 611->0(611)
[2025-04-06T12:28:58.497+0530][gc,heap     ] GC(40) Survivor regions: 3->3(77)
[2025-04-06T12:28:58.497+0530][gc,heap     ] GC(40) Old regions: 19->19
[2025-04-06T12:28:58.497+0530][gc,heap     ] GC(40) Humongous regions: 129->129
[2025-04-06T12:28:58.497+0530][gc,metaspace] GC(40) Metaspace: 42628K(43200K)->42628K(43200K) NonClass: 37954K(38272K)->37954K(38272K) Class: 4673K(4928K)->4673K(4928K)
[2025-04-06T12:28:58.497+0530][gc          ] GC(40) Pause Young (Normal) (G1 Evacuation Pause) 760M->149M(1024M) 1.291ms
[2025-04-06T12:28:58.497+0530][gc,cpu      ] GC(40) User=0.01s Sys=0.00s Real=0.00s
[2025-04-06T12:34:40.215+0530][gc,start    ] GC(41) Pause Young (Normal) (G1 Evacuation Pause)
[2025-04-06T12:34:40.215+0530][gc,task     ] GC(41) Using 13 workers of 13 for evacuation
[2025-04-06T12:34:40.216+0530][gc,phases   ] GC(41)   Pre Evacuate Collection Set: 0.1ms
[2025-04-06T12:34:40.216+0530][gc,phases   ] GC(41)   Merge Heap Roots: 0.1ms
[2025-04-06T12:34:40.216+0530][gc,phases   ] GC(41)   Evacuate Collection Set: 0.8ms
[2025-04-06T12:34:40.216+0530][gc,phases   ] GC(41)   Post Evacuate Collection Set: 0.3ms
[2025-04-06T12:34:40.216+0530][gc,phases   ] GC(41)   Other: 0.1ms
[2025-04-06T12:34:40.216+0530][gc,heap     ] GC(41) Eden regions: 611->0(611)
[2025-04-06T12:34:40.216+0530][gc,heap     ] GC(41) Survivor regions: 3->3(77)
[2025-04-06T12:34:40.216+0530][gc,heap     ] GC(41) Old regions: 19->19
[2025-04-06T12:34:40.216+0530][gc,heap     ] GC(41) Humongous regions: 129->129
[2025-04-06T12:34:40.216+0530][gc,metaspace] GC(41) Metaspace: 42630K(43200K)->42630K(43200K) NonClass: 37957K(38272K)->37957K(38272K) Class: 4673K(4928K)->4673K(4928K)
[2025-04-06T12:34:40.216+0530][gc          ] GC(41) Pause Young (Normal) (G1 Evacuation Pause) 760M->149M(1024M) 1.397ms
[2025-04-06T12:34:40.216+0530][gc,cpu      ] GC(41) User=0.02s Sys=0.00s Real=0.00s
[2025-04-06T12:40:23.476+0530][gc,start    ] GC(42) Pause Young (Normal) (G1 Evacuation Pause)
[2025-04-06T12:40:23.476+0530][gc,task     ] GC(42) Using 13 workers of 13 for evacuation
[2025-04-06T12:40:23.477+0530][gc,phases   ] GC(42)   Pre Evacuate Collection Set: 0.1ms
[2025-04-06T12:40:23.477+0530][gc,phases   ] GC(42)   Merge Heap Roots: 0.1ms
[2025-04-06T12:40:23.477+0530][gc,phases   ] GC(42)   Evacuate Collection Set: 0.8ms
[2025-04-06T12:40:23.477+0530][gc,phases   ] GC(42)   Post Evacuate Collection Set: 0.3ms
[2025-04-06T12:40:23.477+0530][gc,phases   ] GC(42)   Other: 0.0ms
[2025-04-06T12:40:23.477+0530][gc,heap     ] GC(42) Eden regions: 611->0(611)
[2025-04-06T12:40:23.477+0530][gc,heap     ] GC(42) Survivor regions: 3->3(77)
[2025-04-06T12:40:23.477+0530][gc,heap     ] GC(42) Old regions: 19->19
[2025-04-06T12:40:23.477+0530][gc,heap     ] GC(42) Humongous regions: 129->129
[2025-04-06T12:40:23.477+0530][gc,metaspace] GC(42) Metaspace: 42650K(43200K)->42650K(43200K) NonClass: 37977K(38272K)->37977K(38272K) Class: 4673K(4928K)->4673K(4928K)
[2025-04-06T12:40:23.477+0530][gc          ] GC(42) Pause Young (Normal) (G1 Evacuation Pause) 760M->150M(1024M) 1.391ms
[2025-04-06T12:40:23.477+0530][gc,cpu      ] GC(42) User=0.01s Sys=0.00s Real=0.00s
[2025-04-06T12:46:06.826+0530][gc,start    ] GC(43) Pause Young (Normal) (G1 Evacuation Pause)
[2025-04-06T12:46:06.826+0530][gc,task     ] GC(43) Using 13 workers of 13 for evacuation
[2025-04-06T12:46:06.827+0530][gc,phases   ] GC(43)   Pre Evacuate Collection Set: 0.1ms
[2025-04-06T12:46:06.827+0530][gc,phases   ] GC(43)   Merge Heap Roots: 0.1ms
[2025-04-06T12:46:06.827+0530][gc,phases   ] GC(43)   Evacuate Collection Set: 1.0ms
[2025-04-06T12:46:06.827+0530][gc,phases   ] GC(43)   Post Evacuate Collection Set: 0.4ms
[2025-04-06T12:46:06.827+0530][gc,phases   ] GC(43)   Other: 0.1ms
[2025-04-06T12:46:06.827+0530][gc,heap     ] GC(43) Eden regions: 611->0(611)
[2025-04-06T12:46:06.827+0530][gc,heap     ] GC(43) Survivor regions: 3->3(77)
[2025-04-06T12:46:06.827+0530][gc,heap     ] GC(43) Old regions: 19->19
[2025-04-06T12:46:06.827+0530][gc,heap     ] GC(43) Humongous regions: 129->129
[2025-04-06T12:46:06.827+0530][gc,metaspace] GC(43) Metaspace: 42652K(43200K)->42652K(43200K) NonClass: 37979K(38272K)->37979K(38272K) Class: 4673K(4928K)->4673K(4928K)
[2025-04-06T12:46:06.827+0530][gc          ] GC(43) Pause Young (Normal) (G1 Evacuation Pause) 761M->150M(1024M) 1.813ms
[2025-04-06T12:46:06.828+0530][gc,cpu      ] GC(43) User=0.01s Sys=0.01s Real=0.00s
[2025-04-06T12:51:52.229+0530][gc,start    ] GC(44) Pause Young (Normal) (G1 Evacuation Pause)
[2025-04-06T12:51:52.229+0530][gc,task     ] GC(44) Using 13 workers of 13 for evacuation
[2025-04-06T12:51:52.230+0530][gc,phases   ] GC(44)   Pre Evacuate Collection Set: 0.1ms
[2025-04-06T12:51:52.230+0530][gc,phases   ] GC(44)   Merge Heap Roots: 0.1ms
[2025-04-06T12:51:52.230+0530][gc,phases   ] GC(44)   Evacuate Collection Set: 0.8ms
[2025-04-06T12:51:52.230+0530][gc,phases   ] GC(44)   Post Evacuate Collection Set: 0.3ms
[2025-04-06T12:51:52.230+0530][gc,phases   ] GC(44)   Other: 0.0ms
[2025-04-06T12:51:52.230+0530][gc,heap     ] GC(44) Eden regions: 611->0(611)
[2025-04-06T12:51:52.230+0530][gc,heap     ] GC(44) Survivor regions: 3->3(77)
[2025-04-06T12:51:52.231+0530][gc,heap     ] GC(44) Old regions: 19->19
[2025-04-06T12:51:52.231+0530][gc,heap     ] GC(44) Humongous regions: 129->129
[2025-04-06T12:51:52.231+0530][gc,metaspace] GC(44) Metaspace: 42652K(43200K)->42652K(43200K) NonClass: 37979K(38272K)->37979K(38272K) Class: 4673K(4928K)->4673K(4928K)
[2025-04-06T12:51:52.231+0530][gc          ] GC(44) Pause Young (Normal) (G1 Evacuation Pause) 761M->150M(1024M) 1.414ms
[2025-04-06T12:51:52.231+0530][gc,cpu      ] GC(44) User=0.00s Sys=0.01s Real=0.00s
[2025-04-06T12:57:36.067+0530][gc,start    ] GC(45) Pause Young (Normal) (G1 Evacuation Pause)
[2025-04-06T12:57:36.067+0530][gc,task     ] GC(45) Using 13 workers of 13 for evacuation
[2025-04-06T12:57:36.068+0530][gc,phases   ] GC(45)   Pre Evacuate Collection Set: 0.1ms
[2025-04-06T12:57:36.068+0530][gc,phases   ] GC(45)   Merge Heap Roots: 0.1ms
[2025-04-06T12:57:36.068+0530][gc,phases   ] GC(45)   Evacuate Collection Set: 0.7ms
[2025-04-06T12:57:36.068+0530][gc,phases   ] GC(45)   Post Evacuate Collection Set: 0.3ms
[2025-04-06T12:57:36.068+0530][gc,phases   ] GC(45)   Other: 0.1ms
[2025-04-06T12:57:36.068+0530][gc,heap     ] GC(45) Eden regions: 611->0(611)
[2025-04-06T12:57:36.068+0530][gc,heap     ] GC(45) Survivor regions: 3->3(77)
[2025-04-06T12:57:36.068+0530][gc,heap     ] GC(45) Old regions: 19->19
[2025-04-06T12:57:36.068+0530][gc,heap     ] GC(45) Humongous regions: 129->129
[2025-04-06T12:57:36.069+0530][gc,metaspace] GC(45) Metaspace: 42652K(43200K)->42652K(43200K) NonClass: 37979K(38272K)->37979K(38272K) Class: 4673K(4928K)->4673K(4928K)
[2025-04-06T12:57:36.069+0530][gc          ] GC(45) Pause Young (Normal) (G1 Evacuation Pause) 761M->150M(1024M) 1.276ms
[2025-04-06T12:57:36.069+0530][gc,cpu      ] GC(45) User=0.01s Sys=0.00s Real=0.00s
[2025-04-06T13:01:51.276+0530][gc,heap,exit] Heap
[2025-04-06T13:01:51.276+0530][gc,heap,exit]  garbage-first heap   total 1048576K, used 635040K [0x00000000c0000000, 0x0000000100000000)
[2025-04-06T13:01:51.276+0530][gc,heap,exit]   region size 1024K, 473 young (484352K), 3 survivors (3072K)
[2025-04-06T13:01:51.276+0530][gc,heap,exit]  Metaspace       used 43606K, committed 44224K, reserved 1114112K
[2025-04-06T13:01:51.276+0530][gc,heap,exit]   class space    used 4865K, committed 5120K, reserved 1048576K
