[2025-04-06T13:14:21.803+0530][gc,init] CardTable entry size: 512
[2025-04-06T13:14:21.803+0530][gc     ] Using G1
[2025-04-06T13:14:21.808+0530][gc,init] Version: 21.0.6+7-Ubuntu-124.04.1 (release)
[2025-04-06T13:14:21.808+0530][gc,init] CPUs: 16 total, 16 available
[2025-04-06T13:14:21.808+0530][gc,init] Memory: 15713M
[2025-04-06T13:14:21.808+0530][gc,init] Large Page Support: Disabled
[2025-04-06T13:14:21.808+0530][gc,init] NUMA Support: Disabled
[2025-04-06T13:14:21.808+0530][gc,init] Compressed Oops: Enabled (32-bit)
[2025-04-06T13:14:21.808+0530][gc,init] Heap Region Size: 1M
[2025-04-06T13:14:21.808+0530][gc,init] Heap Min Capacity: 1G
[2025-04-06T13:14:21.808+0530][gc,init] Heap Initial Capacity: 1G
[2025-04-06T13:14:21.808+0530][gc,init] Heap Max Capacity: 1G
[2025-04-06T13:14:21.808+0530][gc,init] Pre-touch: Disabled
[2025-04-06T13:14:21.808+0530][gc,init] Parallel Workers: 13
[2025-04-06T13:14:21.808+0530][gc,init] Concurrent Workers: 3
[2025-04-06T13:14:21.808+0530][gc,init] Concurrent Refinement Workers: 13
[2025-04-06T13:14:21.808+0530][gc,init] Periodic GC: Disabled
[2025-04-06T13:14:21.813+0530][gc,metaspace] CDS archive(s) mapped at: [0x0000783413000000-0x0000783413c97000-0x0000783413c97000), size 13201408, SharedBaseAddress: 0x0000783413000000, ArchiveRelocationMode: 1.
[2025-04-06T13:14:21.813+0530][gc,metaspace] Compressed class space mapped at: 0x0000783414000000-0x0000783454000000, reserved size: 1073741824
[2025-04-06T13:14:21.813+0530][gc,metaspace] Narrow klass base: 0x0000783413000000, Narrow klass shift: 0, Narrow klass range: 0x100000000
[2025-04-06T13:14:25.119+0530][gc,heap,exit] Heap
[2025-04-06T13:14:25.119+0530][gc,heap,exit]  garbage-first heap   total 1048576K, used 50225K [0x00000000c0000000, 0x0000000100000000)
[2025-04-06T13:14:25.119+0530][gc,heap,exit]   region size 1024K, 48 young (49152K), 0 survivors (0K)
[2025-04-06T13:14:25.119+0530][gc,heap,exit]  Metaspace       used 15703K, committed 15936K, reserved 1114112K
[2025-04-06T13:14:25.119+0530][gc,heap,exit]   class space    used 1804K, committed 1920K, reserved 1048576K
