[2025-04-06T13:14:48.053+0530][gc,init] CardTable entry size: 512
[2025-04-06T13:14:48.053+0530][gc     ] Using G1
[2025-04-06T13:14:48.059+0530][gc,init] Version: 21.0.6+7-Ubuntu-124.04.1 (release)
[2025-04-06T13:14:48.059+0530][gc,init] CPUs: 16 total, 16 available
[2025-04-06T13:14:48.059+0530][gc,init] Memory: 15713M
[2025-04-06T13:14:48.059+0530][gc,init] Large Page Support: Disabled
[2025-04-06T13:14:48.059+0530][gc,init] NUMA Support: Disabled
[2025-04-06T13:14:48.059+0530][gc,init] Compressed Oops: Enabled (32-bit)
[2025-04-06T13:14:48.059+0530][gc,init] Heap Region Size: 1M
[2025-04-06T13:14:48.059+0530][gc,init] Heap Min Capacity: 1G
[2025-04-06T13:14:48.059+0530][gc,init] Heap Initial Capacity: 1G
[2025-04-06T13:14:48.059+0530][gc,init] Heap Max Capacity: 1G
[2025-04-06T13:14:48.059+0530][gc,init] Pre-touch: Disabled
[2025-04-06T13:14:48.059+0530][gc,init] Parallel Workers: 13
[2025-04-06T13:14:48.059+0530][gc,init] Concurrent Workers: 3
[2025-04-06T13:14:48.059+0530][gc,init] Concurrent Refinement Workers: 13
[2025-04-06T13:14:48.059+0530][gc,init] Periodic GC: Disabled
[2025-04-06T13:14:48.064+0530][gc,metaspace] CDS archive(s) mapped at: [0x000072fb13000000-0x000072fb13c97000-0x000072fb13c97000), size 13201408, SharedBaseAddress: 0x000072fb13000000, ArchiveRelocationMode: 1.
[2025-04-06T13:14:48.064+0530][gc,metaspace] Compressed class space mapped at: 0x000072fb14000000-0x000072fb54000000, reserved size: 1073741824
[2025-04-06T13:14:48.064+0530][gc,metaspace] Narrow klass base: 0x000072fb13000000, Narrow klass shift: 0, Narrow klass range: 0x100000000
[2025-04-06T13:14:48.710+0530][gc,start    ] GC(0) Pause Young (Normal) (G1 Evacuation Pause)
[2025-04-06T13:14:48.711+0530][gc,task     ] GC(0) Using 13 workers of 13 for evacuation
[2025-04-06T13:14:48.714+0530][gc,phases   ] GC(0)   Pre Evacuate Collection Set: 0.1ms
[2025-04-06T13:14:48.714+0530][gc,phases   ] GC(0)   Merge Heap Roots: 0.1ms
[2025-04-06T13:14:48.714+0530][gc,phases   ] GC(0)   Evacuate Collection Set: 1.8ms
[2025-04-06T13:14:48.714+0530][gc,phases   ] GC(0)   Post Evacuate Collection Set: 0.3ms
[2025-04-06T13:14:48.714+0530][gc,phases   ] GC(0)   Other: 0.8ms
[2025-04-06T13:14:48.714+0530][gc,heap     ] GC(0) Eden regions: 51->0(44)
[2025-04-06T13:14:48.714+0530][gc,heap     ] GC(0) Survivor regions: 0->7(7)
[2025-04-06T13:14:48.714+0530][gc,heap     ] GC(0) Old regions: 2->3
[2025-04-06T13:14:48.714+0530][gc,heap     ] GC(0) Humongous regions: 0->0
[2025-04-06T13:14:48.714+0530][gc,metaspace] GC(0) Metaspace: 17744K(17984K)->17744K(17984K) NonClass: 15745K(15872K)->15745K(15872K) Class: 1998K(2112K)->1998K(2112K)
[2025-04-06T13:14:48.714+0530][gc          ] GC(0) Pause Young (Normal) (G1 Evacuation Pause) 52M->8M(1024M) 3.256ms
[2025-04-06T13:14:48.714+0530][gc,cpu      ] GC(0) User=0.01s Sys=0.01s Real=0.00s
[2025-04-06T13:14:48.833+0530][gc,start    ] GC(1) Pause Young (Concurrent Start) (Metadata GC Threshold)
[2025-04-06T13:14:48.834+0530][gc,task     ] GC(1) Using 13 workers of 13 for evacuation
[2025-04-06T13:14:48.836+0530][gc,phases   ] GC(1)   Pre Evacuate Collection Set: 0.2ms
[2025-04-06T13:14:48.836+0530][gc,phases   ] GC(1)   Merge Heap Roots: 0.0ms
[2025-04-06T13:14:48.836+0530][gc,phases   ] GC(1)   Evacuate Collection Set: 1.7ms
[2025-04-06T13:14:48.836+0530][gc,phases   ] GC(1)   Post Evacuate Collection Set: 0.3ms
[2025-04-06T13:14:48.836+0530][gc,phases   ] GC(1)   Other: 0.0ms
[2025-04-06T13:14:48.836+0530][gc,heap     ] GC(1) Eden regions: 13->0(49)
[2025-04-06T13:14:48.836+0530][gc,heap     ] GC(1) Survivor regions: 7->2(7)
[2025-04-06T13:14:48.836+0530][gc,heap     ] GC(1) Old regions: 3->10
[2025-04-06T13:14:48.836+0530][gc,heap     ] GC(1) Humongous regions: 0->0
[2025-04-06T13:14:48.836+0530][gc,metaspace] GC(1) Metaspace: 21319K(21504K)->21319K(21504K) NonClass: 18891K(19008K)->18891K(19008K) Class: 2427K(2496K)->2427K(2496K)
[2025-04-06T13:14:48.836+0530][gc          ] GC(1) Pause Young (Concurrent Start) (Metadata GC Threshold) 21M->10M(1024M) 2.312ms
[2025-04-06T13:14:48.836+0530][gc,cpu      ] GC(1) User=0.02s Sys=0.01s Real=0.00s
[2025-04-06T13:14:48.836+0530][gc          ] GC(2) Concurrent Mark Cycle
[2025-04-06T13:14:48.836+0530][gc,marking  ] GC(2) Concurrent Scan Root Regions
[2025-04-06T13:14:48.837+0530][gc,marking  ] GC(2) Concurrent Scan Root Regions 1.144ms
[2025-04-06T13:14:48.837+0530][gc,marking  ] GC(2) Concurrent Mark
[2025-04-06T13:14:48.837+0530][gc,marking  ] GC(2) Concurrent Mark From Roots
[2025-04-06T13:14:48.837+0530][gc,task     ] GC(2) Using 3 workers of 3 for marking
[2025-04-06T13:14:48.838+0530][gc,marking  ] GC(2) Concurrent Mark From Roots 1.270ms
[2025-04-06T13:14:48.838+0530][gc,marking  ] GC(2) Concurrent Preclean
[2025-04-06T13:14:48.838+0530][gc,marking  ] GC(2) Concurrent Preclean 0.007ms
[2025-04-06T13:14:48.838+0530][gc,start    ] GC(2) Pause Remark
[2025-04-06T13:14:48.839+0530][gc          ] GC(2) Pause Remark 10M->10M(1024M) 0.941ms
[2025-04-06T13:14:48.839+0530][gc,cpu      ] GC(2) User=0.01s Sys=0.00s Real=0.01s
[2025-04-06T13:14:48.839+0530][gc,marking  ] GC(2) Concurrent Mark 2.289ms
[2025-04-06T13:14:48.839+0530][gc,marking  ] GC(2) Concurrent Rebuild Remembered Sets and Scrub Regions
[2025-04-06T13:14:48.840+0530][gc,marking  ] GC(2) Concurrent Rebuild Remembered Sets and Scrub Regions 1.117ms
[2025-04-06T13:14:48.841+0530][gc,start    ] GC(2) Pause Cleanup
[2025-04-06T13:14:48.841+0530][gc          ] GC(2) Pause Cleanup 10M->10M(1024M) 0.082ms
[2025-04-06T13:14:48.841+0530][gc,cpu      ] GC(2) User=0.00s Sys=0.00s Real=0.00s
[2025-04-06T13:14:48.841+0530][gc,marking  ] GC(2) Concurrent Clear Claimed Marks
[2025-04-06T13:14:48.841+0530][gc,marking  ] GC(2) Concurrent Clear Claimed Marks 0.015ms
[2025-04-06T13:14:48.841+0530][gc,marking  ] GC(2) Concurrent Cleanup for Next Mark
[2025-04-06T13:14:48.843+0530][gc,marking  ] GC(2) Concurrent Cleanup for Next Mark 2.269ms
[2025-04-06T13:14:48.843+0530][gc          ] GC(2) Concurrent Mark Cycle 7.118ms
[2025-04-06T13:14:49.436+0530][gc,start    ] GC(3) Pause Young (Prepare Mixed) (G1 Evacuation Pause)
[2025-04-06T13:14:49.436+0530][gc,task     ] GC(3) Using 13 workers of 13 for evacuation
[2025-04-06T13:14:49.438+0530][gc,phases   ] GC(3)   Pre Evacuate Collection Set: 0.1ms
[2025-04-06T13:14:49.438+0530][gc,phases   ] GC(3)   Merge Heap Roots: 0.0ms
[2025-04-06T13:14:49.438+0530][gc,phases   ] GC(3)   Evacuate Collection Set: 1.0ms
[2025-04-06T13:14:49.438+0530][gc,phases   ] GC(3)   Post Evacuate Collection Set: 0.3ms
[2025-04-06T13:14:49.438+0530][gc,phases   ] GC(3)   Other: 0.0ms
[2025-04-06T13:14:49.438+0530][gc,heap     ] GC(3) Eden regions: 49->0(47)
[2025-04-06T13:14:49.438+0530][gc,heap     ] GC(3) Survivor regions: 2->4(7)
[2025-04-06T13:14:49.438+0530][gc,heap     ] GC(3) Old regions: 10->10
[2025-04-06T13:14:49.438+0530][gc,heap     ] GC(3) Humongous regions: 129->0
[2025-04-06T13:14:49.438+0530][gc,metaspace] GC(3) Metaspace: 31867K(32192K)->31867K(32192K) NonClass: 28325K(28480K)->28325K(28480K) Class: 3541K(3712K)->3541K(3712K)
[2025-04-06T13:14:49.438+0530][gc          ] GC(3) Pause Young (Prepare Mixed) (G1 Evacuation Pause) 188M->12M(1024M) 1.631ms
[2025-04-06T13:14:49.438+0530][gc,cpu      ] GC(3) User=0.02s Sys=0.00s Real=0.00s
[2025-04-06T13:14:49.443+0530][gc,heap,exit] Heap
[2025-04-06T13:14:49.443+0530][gc,heap,exit]  garbage-first heap   total 1048576K, used 14881K [0x00000000c0000000, 0x0000000100000000)
[2025-04-06T13:14:49.443+0530][gc,heap,exit]   region size 1024K, 6 young (6144K), 4 survivors (4096K)
[2025-04-06T13:14:49.443+0530][gc,heap,exit]  Metaspace       used 31973K, committed 32256K, reserved 1114112K
[2025-04-06T13:14:49.443+0530][gc,heap,exit]   class space    used 3554K, committed 3712K, reserved 1048576K
