[2025-04-06T13:15:32.175+0530][gc,init] CardTable entry size: 512
[2025-04-06T13:15:32.176+0530][gc     ] Using G1
[2025-04-06T13:15:32.180+0530][gc,init] Version: 21.0.6+7-Ubuntu-124.04.1 (release)
[2025-04-06T13:15:32.181+0530][gc,init] CPUs: 16 total, 16 available
[2025-04-06T13:15:32.181+0530][gc,init] Memory: 15713M
[2025-04-06T13:15:32.181+0530][gc,init] Large Page Support: Disabled
[2025-04-06T13:15:32.181+0530][gc,init] NUMA Support: Disabled
[2025-04-06T13:15:32.181+0530][gc,init] Compressed Oops: Enabled (32-bit)
[2025-04-06T13:15:32.181+0530][gc,init] Heap Region Size: 1M
[2025-04-06T13:15:32.181+0530][gc,init] Heap Min Capacity: 1G
[2025-04-06T13:15:32.181+0530][gc,init] Heap Initial Capacity: 1G
[2025-04-06T13:15:32.181+0530][gc,init] Heap Max Capacity: 1G
[2025-04-06T13:15:32.181+0530][gc,init] Pre-touch: Disabled
[2025-04-06T13:15:32.181+0530][gc,init] Parallel Workers: 13
[2025-04-06T13:15:32.181+0530][gc,init] Concurrent Workers: 3
[2025-04-06T13:15:32.181+0530][gc,init] Concurrent Refinement Workers: 13
[2025-04-06T13:15:32.181+0530][gc,init] Periodic GC: Disabled
[2025-04-06T13:15:32.186+0530][gc,metaspace] CDS archive(s) mapped at: [0x000074f9bf000000-0x000074f9bfc97000-0x000074f9bfc97000), size 13201408, SharedBaseAddress: 0x000074f9bf000000, ArchiveRelocationMode: 1.
[2025-04-06T13:15:32.186+0530][gc,metaspace] Compressed class space mapped at: 0x000074f9c0000000-0x000074fa00000000, reserved size: 1073741824
[2025-04-06T13:15:32.186+0530][gc,metaspace] Narrow klass base: 0x000074f9bf000000, Narrow klass shift: 0, Narrow klass range: 0x100000000
[2025-04-06T13:15:32.814+0530][gc,start    ] GC(0) Pause Young (Normal) (G1 Evacuation Pause)
[2025-04-06T13:15:32.815+0530][gc,task     ] GC(0) Using 13 workers of 13 for evacuation
[2025-04-06T13:15:32.817+0530][gc,phases   ] GC(0)   Pre Evacuate Collection Set: 0.1ms
[2025-04-06T13:15:32.817+0530][gc,phases   ] GC(0)   Merge Heap Roots: 0.0ms
[2025-04-06T13:15:32.817+0530][gc,phases   ] GC(0)   Evacuate Collection Set: 1.6ms
[2025-04-06T13:15:32.817+0530][gc,phases   ] GC(0)   Post Evacuate Collection Set: 0.3ms
[2025-04-06T13:15:32.817+0530][gc,phases   ] GC(0)   Other: 0.7ms
[2025-04-06T13:15:32.817+0530][gc,heap     ] GC(0) Eden regions: 51->0(44)
[2025-04-06T13:15:32.817+0530][gc,heap     ] GC(0) Survivor regions: 0->7(7)
[2025-04-06T13:15:32.817+0530][gc,heap     ] GC(0) Old regions: 2->3
[2025-04-06T13:15:32.817+0530][gc,heap     ] GC(0) Humongous regions: 0->0
[2025-04-06T13:15:32.817+0530][gc,metaspace] GC(0) Metaspace: 17744K(17984K)->17744K(17984K) NonClass: 15745K(15872K)->15745K(15872K) Class: 1998K(2112K)->1998K(2112K)
[2025-04-06T13:15:32.817+0530][gc          ] GC(0) Pause Young (Normal) (G1 Evacuation Pause) 52M->8M(1024M) 2.867ms
[2025-04-06T13:15:32.817+0530][gc,cpu      ] GC(0) User=0.02s Sys=0.00s Real=0.00s
[2025-04-06T13:15:32.919+0530][gc,start    ] GC(1) Pause Young (Concurrent Start) (Metadata GC Threshold)
[2025-04-06T13:15:32.919+0530][gc,task     ] GC(1) Using 13 workers of 13 for evacuation
[2025-04-06T13:15:32.921+0530][gc,phases   ] GC(1)   Pre Evacuate Collection Set: 0.1ms
[2025-04-06T13:15:32.921+0530][gc,phases   ] GC(1)   Merge Heap Roots: 0.0ms
[2025-04-06T13:15:32.921+0530][gc,phases   ] GC(1)   Evacuate Collection Set: 1.5ms
[2025-04-06T13:15:32.921+0530][gc,phases   ] GC(1)   Post Evacuate Collection Set: 0.3ms
[2025-04-06T13:15:32.921+0530][gc,phases   ] GC(1)   Other: 0.0ms
[2025-04-06T13:15:32.921+0530][gc,heap     ] GC(1) Eden regions: 14->0(49)
[2025-04-06T13:15:32.921+0530][gc,heap     ] GC(1) Survivor regions: 7->2(7)
[2025-04-06T13:15:32.921+0530][gc,heap     ] GC(1) Old regions: 3->10
[2025-04-06T13:15:32.921+0530][gc,heap     ] GC(1) Humongous regions: 0->0
[2025-04-06T13:15:32.921+0530][gc,metaspace] GC(1) Metaspace: 21320K(21504K)->21320K(21504K) NonClass: 18892K(19008K)->18892K(19008K) Class: 2427K(2496K)->2427K(2496K)
[2025-04-06T13:15:32.921+0530][gc          ] GC(1) Pause Young (Concurrent Start) (Metadata GC Threshold) 21M->10M(1024M) 2.067ms
[2025-04-06T13:15:32.921+0530][gc          ] GC(2) Concurrent Mark Cycle
[2025-04-06T13:15:32.921+0530][gc,cpu      ] GC(1) User=0.01s Sys=0.01s Real=0.01s
[2025-04-06T13:15:32.921+0530][gc,marking  ] GC(2) Concurrent Scan Root Regions
[2025-04-06T13:15:32.922+0530][gc,marking  ] GC(2) Concurrent Scan Root Regions 1.153ms
[2025-04-06T13:15:32.922+0530][gc,marking  ] GC(2) Concurrent Mark
[2025-04-06T13:15:32.922+0530][gc,marking  ] GC(2) Concurrent Mark From Roots
[2025-04-06T13:15:32.922+0530][gc,task     ] GC(2) Using 3 workers of 3 for marking
[2025-04-06T13:15:32.923+0530][gc,marking  ] GC(2) Concurrent Mark From Roots 1.426ms
[2025-04-06T13:15:32.923+0530][gc,marking  ] GC(2) Concurrent Preclean
[2025-04-06T13:15:32.923+0530][gc,marking  ] GC(2) Concurrent Preclean 0.008ms
[2025-04-06T13:15:32.923+0530][gc,start    ] GC(2) Pause Remark
[2025-04-06T13:15:32.924+0530][gc          ] GC(2) Pause Remark 10M->10M(1024M) 0.948ms
[2025-04-06T13:15:32.924+0530][gc,cpu      ] GC(2) User=0.01s Sys=0.00s Real=0.00s
[2025-04-06T13:15:32.924+0530][gc,marking  ] GC(2) Concurrent Mark 2.539ms
[2025-04-06T13:15:32.924+0530][gc,marking  ] GC(2) Concurrent Rebuild Remembered Sets and Scrub Regions
[2025-04-06T13:15:32.925+0530][gc,marking  ] GC(2) Concurrent Rebuild Remembered Sets and Scrub Regions 1.001ms
[2025-04-06T13:15:32.925+0530][gc,start    ] GC(2) Pause Cleanup
[2025-04-06T13:15:32.926+0530][gc          ] GC(2) Pause Cleanup 10M->10M(1024M) 0.086ms
[2025-04-06T13:15:32.926+0530][gc,cpu      ] GC(2) User=0.00s Sys=0.00s Real=0.00s
[2025-04-06T13:15:32.926+0530][gc,marking  ] GC(2) Concurrent Clear Claimed Marks
[2025-04-06T13:15:32.926+0530][gc,marking  ] GC(2) Concurrent Clear Claimed Marks 0.013ms
[2025-04-06T13:15:32.926+0530][gc,marking  ] GC(2) Concurrent Cleanup for Next Mark
[2025-04-06T13:15:32.928+0530][gc,marking  ] GC(2) Concurrent Cleanup for Next Mark 2.470ms
[2025-04-06T13:15:32.928+0530][gc          ] GC(2) Concurrent Mark Cycle 7.466ms
[2025-04-06T13:15:33.403+0530][gc,start    ] GC(3) Pause Young (Prepare Mixed) (G1 Evacuation Pause)
[2025-04-06T13:15:33.403+0530][gc,task     ] GC(3) Using 13 workers of 13 for evacuation
[2025-04-06T13:15:33.406+0530][gc,phases   ] GC(3)   Pre Evacuate Collection Set: 0.1ms
[2025-04-06T13:15:33.406+0530][gc,phases   ] GC(3)   Merge Heap Roots: 0.1ms
[2025-04-06T13:15:33.406+0530][gc,phases   ] GC(3)   Evacuate Collection Set: 1.7ms
[2025-04-06T13:15:33.406+0530][gc,phases   ] GC(3)   Post Evacuate Collection Set: 0.3ms
[2025-04-06T13:15:33.406+0530][gc,phases   ] GC(3)   Other: 0.0ms
[2025-04-06T13:15:33.406+0530][gc,heap     ] GC(3) Eden regions: 49->0(45)
[2025-04-06T13:15:33.406+0530][gc,heap     ] GC(3) Survivor regions: 2->6(7)
[2025-04-06T13:15:33.406+0530][gc,heap     ] GC(3) Old regions: 10->10
[2025-04-06T13:15:33.406+0530][gc,heap     ] GC(3) Humongous regions: 129->129
[2025-04-06T13:15:33.406+0530][gc,metaspace] GC(3) Metaspace: 33057K(33344K)->33057K(33344K) NonClass: 29507K(29632K)->29507K(29632K) Class: 3550K(3712K)->3550K(3712K)
[2025-04-06T13:15:33.406+0530][gc          ] GC(3) Pause Young (Prepare Mixed) (G1 Evacuation Pause) 188M->143M(1024M) 2.392ms
[2025-04-06T13:15:33.406+0530][gc,cpu      ] GC(3) User=0.02s Sys=0.00s Real=0.00s
[2025-04-06T13:15:33.557+0530][gc,start    ] GC(4) Pause Young (Mixed) (Metadata GC Threshold)
[2025-04-06T13:15:33.557+0530][gc,task     ] GC(4) Using 13 workers of 13 for evacuation
[2025-04-06T13:15:33.559+0530][gc,phases   ] GC(4)   Pre Evacuate Collection Set: 0.1ms
[2025-04-06T13:15:33.559+0530][gc,phases   ] GC(4)   Merge Heap Roots: 0.0ms
[2025-04-06T13:15:33.559+0530][gc,phases   ] GC(4)   Evacuate Collection Set: 1.7ms
[2025-04-06T13:15:33.559+0530][gc,phases   ] GC(4)   Post Evacuate Collection Set: 0.2ms
[2025-04-06T13:15:33.559+0530][gc,phases   ] GC(4)   Other: 0.0ms
[2025-04-06T13:15:33.559+0530][gc,heap     ] GC(4) Eden regions: 12->0(49)
[2025-04-06T13:15:33.559+0530][gc,heap     ] GC(4) Survivor regions: 6->2(7)
[2025-04-06T13:15:33.559+0530][gc,heap     ] GC(4) Old regions: 10->15
[2025-04-06T13:15:33.559+0530][gc,heap     ] GC(4) Humongous regions: 129->129
[2025-04-06T13:15:33.559+0530][gc,metaspace] GC(4) Metaspace: 35794K(36096K)->35794K(36096K) NonClass: 31916K(32064K)->31916K(32064K) Class: 3878K(4032K)->3878K(4032K)
[2025-04-06T13:15:33.559+0530][gc          ] GC(4) Pause Young (Mixed) (Metadata GC Threshold) 155M->144M(1024M) 2.168ms
[2025-04-06T13:15:33.559+0530][gc,cpu      ] GC(4) User=0.01s Sys=0.01s Real=0.00s
[2025-04-06T13:15:33.570+0530][gc,start    ] GC(5) Pause Young (Concurrent Start) (Metadata GC Threshold)
[2025-04-06T13:15:33.570+0530][gc,task     ] GC(5) Using 13 workers of 13 for evacuation
[2025-04-06T13:15:33.571+0530][gc,phases   ] GC(5)   Pre Evacuate Collection Set: 0.2ms
[2025-04-06T13:15:33.571+0530][gc,phases   ] GC(5)   Merge Heap Roots: 0.0ms
[2025-04-06T13:15:33.571+0530][gc,phases   ] GC(5)   Evacuate Collection Set: 0.5ms
[2025-04-06T13:15:33.571+0530][gc,phases   ] GC(5)   Post Evacuate Collection Set: 0.2ms
[2025-04-06T13:15:33.571+0530][gc,phases   ] GC(5)   Other: 0.0ms
[2025-04-06T13:15:33.571+0530][gc,heap     ] GC(5) Eden regions: 2->0(50)
[2025-04-06T13:15:33.571+0530][gc,heap     ] GC(5) Survivor regions: 2->1(7)
[2025-04-06T13:15:33.571+0530][gc,heap     ] GC(5) Old regions: 15->15
[2025-04-06T13:15:33.571+0530][gc,heap     ] GC(5) Humongous regions: 129->129
[2025-04-06T13:15:33.571+0530][gc,metaspace] GC(5) Metaspace: 36113K(36416K)->36113K(36416K) NonClass: 32182K(32320K)->32182K(32320K) Class: 3931K(4096K)->3931K(4096K)
[2025-04-06T13:15:33.571+0530][gc          ] GC(5) Pause Young (Concurrent Start) (Metadata GC Threshold) 146M->144M(1024M) 1.027ms
[2025-04-06T13:15:33.571+0530][gc          ] GC(6) Concurrent Mark Cycle
[2025-04-06T13:15:33.571+0530][gc,cpu      ] GC(5) User=0.00s Sys=0.00s Real=0.00s
[2025-04-06T13:15:33.571+0530][gc,marking  ] GC(6) Concurrent Scan Root Regions
[2025-04-06T13:15:33.572+0530][gc,marking  ] GC(6) Concurrent Scan Root Regions 1.044ms
[2025-04-06T13:15:33.572+0530][gc,marking  ] GC(6) Concurrent Mark
[2025-04-06T13:15:33.572+0530][gc,marking  ] GC(6) Concurrent Mark From Roots
[2025-04-06T13:15:33.572+0530][gc,task     ] GC(6) Using 3 workers of 3 for marking
[2025-04-06T13:15:33.579+0530][gc,marking  ] GC(6) Concurrent Mark From Roots 6.966ms
[2025-04-06T13:15:33.579+0530][gc,marking  ] GC(6) Concurrent Preclean
[2025-04-06T13:15:33.579+0530][gc,marking  ] GC(6) Concurrent Preclean 0.031ms
[2025-04-06T13:15:33.579+0530][gc,start    ] GC(6) Pause Remark
[2025-04-06T13:15:33.580+0530][gc          ] GC(6) Pause Remark 145M->145M(1024M) 1.015ms
[2025-04-06T13:15:33.580+0530][gc,cpu      ] GC(6) User=0.01s Sys=0.00s Real=0.01s
[2025-04-06T13:15:33.580+0530][gc,marking  ] GC(6) Concurrent Mark 8.149ms
[2025-04-06T13:15:33.580+0530][gc,marking  ] GC(6) Concurrent Rebuild Remembered Sets and Scrub Regions
[2025-04-06T13:15:33.582+0530][gc,marking  ] GC(6) Concurrent Rebuild Remembered Sets and Scrub Regions 2.250ms
[2025-04-06T13:15:33.582+0530][gc,start    ] GC(6) Pause Cleanup
[2025-04-06T13:15:33.583+0530][gc          ] GC(6) Pause Cleanup 145M->145M(1024M) 0.105ms
[2025-04-06T13:15:33.583+0530][gc,cpu      ] GC(6) User=0.00s Sys=0.00s Real=0.00s
[2025-04-06T13:15:33.583+0530][gc,marking  ] GC(6) Concurrent Clear Claimed Marks
[2025-04-06T13:15:33.583+0530][gc,marking  ] GC(6) Concurrent Clear Claimed Marks 0.023ms
[2025-04-06T13:15:33.583+0530][gc,marking  ] GC(6) Concurrent Cleanup for Next Mark
[2025-04-06T13:15:33.583+0530][gc,marking  ] GC(6) Concurrent Cleanup for Next Mark 0.606ms
[2025-04-06T13:15:33.583+0530][gc          ] GC(6) Concurrent Mark Cycle 12.324ms
[2025-04-06T14:05:02.956+0530][gc,start    ] GC(7) Pause Young (Prepare Mixed) (G1 Evacuation Pause)
[2025-04-06T14:05:02.956+0530][gc,task     ] GC(7) Using 13 workers of 13 for evacuation
[2025-04-06T14:05:02.957+0530][gc,phases   ] GC(7)   Pre Evacuate Collection Set: 0.1ms
[2025-04-06T14:05:02.957+0530][gc,phases   ] GC(7)   Merge Heap Roots: 0.0ms
[2025-04-06T14:05:02.957+0530][gc,phases   ] GC(7)   Evacuate Collection Set: 0.8ms
[2025-04-06T14:05:02.957+0530][gc,phases   ] GC(7)   Post Evacuate Collection Set: 0.3ms
[2025-04-06T14:05:02.957+0530][gc,phases   ] GC(7)   Other: 0.0ms
[2025-04-06T14:05:02.957+0530][gc,heap     ] GC(7) Eden regions: 50->0(48)
[2025-04-06T14:05:02.957+0530][gc,heap     ] GC(7) Survivor regions: 1->3(7)
[2025-04-06T14:05:02.957+0530][gc,heap     ] GC(7) Old regions: 15->15
[2025-04-06T14:05:02.957+0530][gc,heap     ] GC(7) Humongous regions: 129->129
[2025-04-06T14:05:02.957+0530][gc,metaspace] GC(7) Metaspace: 40499K(41024K)->40499K(41024K) NonClass: 35913K(36224K)->35913K(36224K) Class: 4585K(4800K)->4585K(4800K)
[2025-04-06T14:05:02.957+0530][gc          ] GC(7) Pause Young (Prepare Mixed) (G1 Evacuation Pause) 194M->145M(1024M) 1.317ms
[2025-04-06T14:05:02.957+0530][gc,cpu      ] GC(7) User=0.01s Sys=0.00s Real=0.00s
[2025-04-06T15:13:47.016+0530][gc,start    ] GC(8) Pause Young (Mixed) (G1 Evacuation Pause)
[2025-04-06T15:13:47.018+0530][gc,task     ] GC(8) Using 13 workers of 13 for evacuation
[2025-04-06T15:13:47.019+0530][gc,phases   ] GC(8)   Pre Evacuate Collection Set: 0.1ms
[2025-04-06T15:13:47.019+0530][gc,phases   ] GC(8)   Merge Heap Roots: 0.1ms
[2025-04-06T15:13:47.019+0530][gc,phases   ] GC(8)   Evacuate Collection Set: 0.9ms
[2025-04-06T15:13:47.019+0530][gc,phases   ] GC(8)   Post Evacuate Collection Set: 0.2ms
[2025-04-06T15:13:47.019+0530][gc,phases   ] GC(8)   Other: 0.1ms
[2025-04-06T15:13:47.019+0530][gc,heap     ] GC(8) Eden regions: 48->0(48)
[2025-04-06T15:13:47.019+0530][gc,heap     ] GC(8) Survivor regions: 3->3(7)
[2025-04-06T15:13:47.019+0530][gc,heap     ] GC(8) Old regions: 15->15
[2025-04-06T15:13:47.019+0530][gc,heap     ] GC(8) Humongous regions: 129->129
[2025-04-06T15:13:47.019+0530][gc,metaspace] GC(8) Metaspace: 41203K(41728K)->41203K(41728K) NonClass: 36597K(36928K)->36597K(36928K) Class: 4605K(4800K)->4605K(4800K)
[2025-04-06T15:13:47.019+0530][gc          ] GC(8) Pause Young (Mixed) (G1 Evacuation Pause) 193M->145M(1024M) 2.964ms
[2025-04-06T15:13:47.019+0530][gc,cpu      ] GC(8) User=0.01s Sys=0.00s Real=0.01s
[2025-04-06T15:14:07.698+0530][gc,start    ] GC(9) Pause Young (Normal) (G1 Evacuation Pause)
[2025-04-06T15:14:07.698+0530][gc,task     ] GC(9) Using 13 workers of 13 for evacuation
[2025-04-06T15:14:07.699+0530][gc,phases   ] GC(9)   Pre Evacuate Collection Set: 0.1ms
[2025-04-06T15:14:07.699+0530][gc,phases   ] GC(9)   Merge Heap Roots: 0.0ms
[2025-04-06T15:14:07.699+0530][gc,phases   ] GC(9)   Evacuate Collection Set: 0.9ms
[2025-04-06T15:14:07.699+0530][gc,phases   ] GC(9)   Post Evacuate Collection Set: 0.2ms
[2025-04-06T15:14:07.699+0530][gc,phases   ] GC(9)   Other: 0.0ms
[2025-04-06T15:14:07.699+0530][gc,heap     ] GC(9) Eden regions: 48->0(47)
[2025-04-06T15:14:07.699+0530][gc,heap     ] GC(9) Survivor regions: 3->4(7)
[2025-04-06T15:14:07.699+0530][gc,heap     ] GC(9) Old regions: 15->15
[2025-04-06T15:14:07.699+0530][gc,heap     ] GC(9) Humongous regions: 129->129
[2025-04-06T15:14:07.699+0530][gc,metaspace] GC(9) Metaspace: 41412K(41920K)->41412K(41920K) NonClass: 36806K(37120K)->36806K(37120K) Class: 4606K(4800K)->4606K(4800K)
[2025-04-06T15:14:07.699+0530][gc          ] GC(9) Pause Young (Normal) (G1 Evacuation Pause) 193M->146M(1024M) 1.360ms
[2025-04-06T15:14:07.699+0530][gc,cpu      ] GC(9) User=0.01s Sys=0.00s Real=0.01s
[2025-04-06T15:14:32.632+0530][gc,start    ] GC(10) Pause Young (Normal) (G1 Evacuation Pause)
[2025-04-06T15:14:32.632+0530][gc,task     ] GC(10) Using 13 workers of 13 for evacuation
[2025-04-06T15:14:32.633+0530][gc,phases   ] GC(10)   Pre Evacuate Collection Set: 0.1ms
[2025-04-06T15:14:32.633+0530][gc,phases   ] GC(10)   Merge Heap Roots: 0.0ms
[2025-04-06T15:14:32.633+0530][gc,phases   ] GC(10)   Evacuate Collection Set: 0.8ms
[2025-04-06T15:14:32.633+0530][gc,phases   ] GC(10)   Post Evacuate Collection Set: 0.3ms
[2025-04-06T15:14:32.633+0530][gc,phases   ] GC(10)   Other: 0.0ms
[2025-04-06T15:14:32.633+0530][gc,heap     ] GC(10) Eden regions: 47->0(57)
[2025-04-06T15:14:32.633+0530][gc,heap     ] GC(10) Survivor regions: 4->4(7)
[2025-04-06T15:14:32.633+0530][gc,heap     ] GC(10) Old regions: 15->15
[2025-04-06T15:14:32.633+0530][gc,heap     ] GC(10) Humongous regions: 129->129
[2025-04-06T15:14:32.633+0530][gc,metaspace] GC(10) Metaspace: 41412K(41920K)->41412K(41920K) NonClass: 36806K(37120K)->36806K(37120K) Class: 4606K(4800K)->4606K(4800K)
[2025-04-06T15:14:32.633+0530][gc          ] GC(10) Pause Young (Normal) (G1 Evacuation Pause) 193M->146M(1024M) 1.419ms
[2025-04-06T15:14:32.633+0530][gc,cpu      ] GC(10) User=0.01s Sys=0.00s Real=0.00s
[2025-04-06T15:15:04.981+0530][gc,start    ] GC(11) Pause Young (Normal) (G1 Evacuation Pause)
[2025-04-06T15:15:04.981+0530][gc,task     ] GC(11) Using 13 workers of 13 for evacuation
[2025-04-06T15:15:04.982+0530][gc,phases   ] GC(11)   Pre Evacuate Collection Set: 0.1ms
[2025-04-06T15:15:04.982+0530][gc,phases   ] GC(11)   Merge Heap Roots: 0.0ms
[2025-04-06T15:15:04.982+0530][gc,phases   ] GC(11)   Evacuate Collection Set: 1.0ms
[2025-04-06T15:15:04.982+0530][gc,phases   ] GC(11)   Post Evacuate Collection Set: 0.3ms
[2025-04-06T15:15:04.982+0530][gc,phases   ] GC(11)   Other: 0.0ms
[2025-04-06T15:15:04.982+0530][gc,heap     ] GC(11) Eden regions: 57->0(175)
[2025-04-06T15:15:04.982+0530][gc,heap     ] GC(11) Survivor regions: 4->4(8)
[2025-04-06T15:15:04.982+0530][gc,heap     ] GC(11) Old regions: 15->15
[2025-04-06T15:15:04.982+0530][gc,heap     ] GC(11) Humongous regions: 129->129
[2025-04-06T15:15:04.982+0530][gc,metaspace] GC(11) Metaspace: 41977K(42624K)->41977K(42624K) NonClass: 37265K(37632K)->37265K(37632K) Class: 4711K(4992K)->4711K(4992K)
[2025-04-06T15:15:04.982+0530][gc          ] GC(11) Pause Young (Normal) (G1 Evacuation Pause) 203M->146M(1024M) 1.547ms
[2025-04-06T15:15:04.982+0530][gc,cpu      ] GC(11) User=0.01s Sys=0.01s Real=0.00s
[2025-04-06T15:17:15.843+0530][gc,start    ] GC(12) Pause Young (Normal) (G1 Evacuation Pause)
[2025-04-06T15:17:15.843+0530][gc,task     ] GC(12) Using 13 workers of 13 for evacuation
[2025-04-06T15:17:15.845+0530][gc,phases   ] GC(12)   Pre Evacuate Collection Set: 0.1ms
[2025-04-06T15:17:15.845+0530][gc,phases   ] GC(12)   Merge Heap Roots: 0.0ms
[2025-04-06T15:17:15.845+0530][gc,phases   ] GC(12)   Evacuate Collection Set: 1.6ms
[2025-04-06T15:17:15.845+0530][gc,phases   ] GC(12)   Post Evacuate Collection Set: 0.3ms
[2025-04-06T15:17:15.845+0530][gc,phases   ] GC(12)   Other: 0.1ms
[2025-04-06T15:17:15.845+0530][gc,heap     ] GC(12) Eden regions: 175->0(610)
[2025-04-06T15:17:15.845+0530][gc,heap     ] GC(12) Survivor regions: 4->4(23)
[2025-04-06T15:17:15.845+0530][gc,heap     ] GC(12) Old regions: 15->15
[2025-04-06T15:17:15.845+0530][gc,heap     ] GC(12) Humongous regions: 129->129
[2025-04-06T15:17:15.845+0530][gc,metaspace] GC(12) Metaspace: 41986K(42624K)->41986K(42624K) NonClass: 37274K(37632K)->37274K(37632K) Class: 4712K(4992K)->4712K(4992K)
[2025-04-06T15:17:15.845+0530][gc          ] GC(12) Pause Young (Normal) (G1 Evacuation Pause) 321M->146M(1024M) 2.301ms
[2025-04-06T15:17:15.845+0530][gc,cpu      ] GC(12) User=0.01s Sys=0.00s Real=0.00s
[2025-04-06T15:57:02.518+0530][gc,heap,exit] Heap
[2025-04-06T15:57:02.519+0530][gc,heap,exit]  garbage-first heap   total 1048576K, used 690058K [0x00000000c0000000, 0x0000000100000000)
[2025-04-06T15:57:02.519+0530][gc,heap,exit]   region size 1024K, 531 young (543744K), 4 survivors (4096K)
[2025-04-06T15:57:02.519+0530][gc,heap,exit]  Metaspace       used 45004K, committed 45696K, reserved 1114112K
[2025-04-06T15:57:02.519+0530][gc,heap,exit]   class space    used 5124K, committed 5440K, reserved 1048576K
