[2025-04-06T10:15:45.229+0530][gc,init] CardTable entry size: 512
[2025-04-06T10:15:45.229+0530][gc     ] Using G1
[2025-04-06T10:15:45.232+0530][gc,init] Version: 21.0.6+7-Ubuntu-124.04.1 (release)
[2025-04-06T10:15:45.232+0530][gc,init] CPUs: 16 total, 16 available
[2025-04-06T10:15:45.232+0530][gc,init] Memory: 15713M
[2025-04-06T10:15:45.232+0530][gc,init] Large Page Support: Disabled
[2025-04-06T10:15:45.232+0530][gc,init] NUMA Support: Disabled
[2025-04-06T10:15:45.232+0530][gc,init] Compressed Oops: Enabled (32-bit)
[2025-04-06T10:15:45.232+0530][gc,init] Heap Region Size: 1M
[2025-04-06T10:15:45.232+0530][gc,init] Heap Min Capacity: 512M
[2025-04-06T10:15:45.232+0530][gc,init] Heap Initial Capacity: 512M
[2025-04-06T10:15:45.232+0530][gc,init] Heap Max Capacity: 512M
[2025-04-06T10:15:45.232+0530][gc,init] Pre-touch: Disabled
[2025-04-06T10:15:45.232+0530][gc,init] Parallel Workers: 13
[2025-04-06T10:15:45.232+0530][gc,init] Concurrent Workers: 3
[2025-04-06T10:15:45.232+0530][gc,init] Concurrent Refinement Workers: 13
[2025-04-06T10:15:45.232+0530][gc,init] Periodic GC: Disabled
[2025-04-06T10:15:45.236+0530][gc,metaspace] CDS archive(s) mapped at: [0x00007b22f7000000-0x00007b22f7c97000-0x00007b22f7c97000), size 13201408, SharedBaseAddress: 0x00007b22f7000000, ArchiveRelocationMode: 1.
[2025-04-06T10:15:45.236+0530][gc,metaspace] Compressed class space mapped at: 0x00007b22f8000000-0x00007b2338000000, reserved size: 1073741824
[2025-04-06T10:15:45.236+0530][gc,metaspace] Narrow klass base: 0x00007b22f7000000, Narrow klass shift: 0, Narrow klass range: 0x100000000
[2025-04-06T10:15:45.482+0530][gc,start    ] GC(0) Pause Young (Normal) (GCLocker Initiated GC)
[2025-04-06T10:15:45.483+0530][gc,task     ] GC(0) Using 12 workers of 13 for evacuation
[2025-04-06T10:15:45.485+0530][gc,phases   ] GC(0)   Pre Evacuate Collection Set: 0.1ms
[2025-04-06T10:15:45.485+0530][gc,phases   ] GC(0)   Merge Heap Roots: 0.0ms
[2025-04-06T10:15:45.485+0530][gc,phases   ] GC(0)   Evacuate Collection Set: 1.5ms
[2025-04-06T10:15:45.485+0530][gc,phases   ] GC(0)   Post Evacuate Collection Set: 0.2ms
[2025-04-06T10:15:45.485+0530][gc,phases   ] GC(0)   Other: 0.5ms
[2025-04-06T10:15:45.485+0530][gc,heap     ] GC(0) Eden regions: 25->0(21)
[2025-04-06T10:15:45.485+0530][gc,heap     ] GC(0) Survivor regions: 0->4(4)
[2025-04-06T10:15:45.485+0530][gc,heap     ] GC(0) Old regions: 2->6
[2025-04-06T10:15:45.485+0530][gc,heap     ] GC(0) Humongous regions: 0->0
[2025-04-06T10:15:45.485+0530][gc,metaspace] GC(0) Metaspace: 7800K(8000K)->7800K(8000K) NonClass: 7001K(7104K)->7001K(7104K) Class: 798K(896K)->798K(896K)
[2025-04-06T10:15:45.485+0530][gc          ] GC(0) Pause Young (Normal) (GCLocker Initiated GC) 26M->8M(512M) 2.450ms
[2025-04-06T10:15:45.485+0530][gc,cpu      ] GC(0) User=0.01s Sys=0.00s Real=0.00s
[2025-04-06T10:16:07.959+0530][gc,heap,exit] Heap
[2025-04-06T10:16:07.959+0530][gc,heap,exit]  garbage-first heap   total 524288K, used 13123K [0x00000000e0000000, 0x0000000100000000)
[2025-04-06T10:16:07.959+0530][gc,heap,exit]   region size 1024K, 8 young (8192K), 4 survivors (4096K)
[2025-04-06T10:16:07.959+0530][gc,heap,exit]  Metaspace       used 8690K, committed 8896K, reserved 1114112K
[2025-04-06T10:16:07.959+0530][gc,heap,exit]   class space    used 894K, committed 960K, reserved 1048576K
