[2025-04-06T13:10:27.619+0530][gc,init] CardTable entry size: 512
[2025-04-06T13:10:27.619+0530][gc     ] Using G1
[2025-04-06T13:10:27.622+0530][gc,init] Version: 21.0.6+7-Ubuntu-124.04.1 (release)
[2025-04-06T13:10:27.622+0530][gc,init] CPUs: 16 total, 16 available
[2025-04-06T13:10:27.622+0530][gc,init] Memory: 15713M
[2025-04-06T13:10:27.622+0530][gc,init] Large Page Support: Disabled
[2025-04-06T13:10:27.622+0530][gc,init] NUMA Support: Disabled
[2025-04-06T13:10:27.622+0530][gc,init] Compressed Oops: Enabled (32-bit)
[2025-04-06T13:10:27.622+0530][gc,init] Heap Region Size: 1M
[2025-04-06T13:10:27.622+0530][gc,init] Heap Min Capacity: 512M
[2025-04-06T13:10:27.622+0530][gc,init] Heap Initial Capacity: 512M
[2025-04-06T13:10:27.622+0530][gc,init] Heap Max Capacity: 512M
[2025-04-06T13:10:27.622+0530][gc,init] Pre-touch: Disabled
[2025-04-06T13:10:27.622+0530][gc,init] Parallel Workers: 13
[2025-04-06T13:10:27.622+0530][gc,init] Concurrent Workers: 3
[2025-04-06T13:10:27.622+0530][gc,init] Concurrent Refinement Workers: 13
[2025-04-06T13:10:27.622+0530][gc,init] Periodic GC: Disabled
[2025-04-06T13:10:27.627+0530][gc,metaspace] CDS archive(s) mapped at: [0x000071d37b000000-0x000071d37bc97000-0x000071d37bc97000), size 13201408, SharedBaseAddress: 0x000071d37b000000, ArchiveRelocationMode: 1.
[2025-04-06T13:10:27.627+0530][gc,metaspace] Compressed class space mapped at: 0x000071d37c000000-0x000071d3bc000000, reserved size: 1073741824
[2025-04-06T13:10:27.627+0530][gc,metaspace] Narrow klass base: 0x000071d37b000000, Narrow klass shift: 0, Narrow klass range: 0x100000000
[2025-04-06T13:10:27.972+0530][gc,start    ] GC(0) Pause Young (Normal) (G1 Evacuation Pause)
[2025-04-06T13:10:27.972+0530][gc,task     ] GC(0) Using 12 workers of 13 for evacuation
[2025-04-06T13:10:27.975+0530][gc,phases   ] GC(0)   Pre Evacuate Collection Set: 0.1ms
[2025-04-06T13:10:27.975+0530][gc,phases   ] GC(0)   Merge Heap Roots: 0.0ms
[2025-04-06T13:10:27.975+0530][gc,phases   ] GC(0)   Evacuate Collection Set: 2.0ms
[2025-04-06T13:10:27.975+0530][gc,phases   ] GC(0)   Post Evacuate Collection Set: 0.3ms
[2025-04-06T13:10:27.975+0530][gc,phases   ] GC(0)   Other: 0.8ms
[2025-04-06T13:10:27.975+0530][gc,heap     ] GC(0) Eden regions: 25->0(21)
[2025-04-06T13:10:27.975+0530][gc,heap     ] GC(0) Survivor regions: 0->4(4)
[2025-04-06T13:10:27.975+0530][gc,heap     ] GC(0) Old regions: 2->6
[2025-04-06T13:10:27.975+0530][gc,heap     ] GC(0) Humongous regions: 0->0
[2025-04-06T13:10:27.975+0530][gc,metaspace] GC(0) Metaspace: 7804K(8000K)->7804K(8000K) NonClass: 7006K(7104K)->7006K(7104K) Class: 798K(896K)->798K(896K)
[2025-04-06T13:10:27.975+0530][gc          ] GC(0) Pause Young (Normal) (G1 Evacuation Pause) 26M->8M(512M) 3.440ms
[2025-04-06T13:10:27.975+0530][gc,cpu      ] GC(0) User=0.01s Sys=0.01s Real=0.00s
[2025-04-06T13:13:52.697+0530][gc,heap,exit] Heap
[2025-04-06T13:13:52.697+0530][gc,heap,exit]  garbage-first heap   total 524288K, used 17374K [0x00000000e0000000, 0x0000000100000000)
[2025-04-06T13:13:52.697+0530][gc,heap,exit]   region size 1024K, 13 young (13312K), 4 survivors (4096K)
[2025-04-06T13:13:52.697+0530][gc,heap,exit]  Metaspace       used 9319K, committed 9536K, reserved 1114112K
[2025-04-06T13:13:52.697+0530][gc,heap,exit]   class space    used 952K, committed 1088K, reserved 1048576K
