[2025-04-06T13:08:16.151+0530][gc,init] CardTable entry size: 512
[2025-04-06T13:08:16.151+0530][gc     ] Using G1
[2025-04-06T13:08:16.153+0530][gc,init] Version: 21.0.6+7-Ubuntu-124.04.1 (release)
[2025-04-06T13:08:16.153+0530][gc,init] CPUs: 16 total, 16 available
[2025-04-06T13:08:16.153+0530][gc,init] Memory: 15713M
[2025-04-06T13:08:16.153+0530][gc,init] Large Page Support: Disabled
[2025-04-06T13:08:16.153+0530][gc,init] NUMA Support: Disabled
[2025-04-06T13:08:16.153+0530][gc,init] Compressed Oops: Enabled (32-bit)
[2025-04-06T13:08:16.153+0530][gc,init] Heap Region Size: 1M
[2025-04-06T13:08:16.153+0530][gc,init] Heap Min Capacity: 512M
[2025-04-06T13:08:16.153+0530][gc,init] Heap Initial Capacity: 512M
[2025-04-06T13:08:16.153+0530][gc,init] Heap Max Capacity: 512M
[2025-04-06T13:08:16.153+0530][gc,init] Pre-touch: Disabled
[2025-04-06T13:08:16.153+0530][gc,init] Parallel Workers: 13
[2025-04-06T13:08:16.153+0530][gc,init] Concurrent Workers: 3
[2025-04-06T13:08:16.153+0530][gc,init] Concurrent Refinement Workers: 13
[2025-04-06T13:08:16.153+0530][gc,init] Periodic GC: Disabled
[2025-04-06T13:08:16.158+0530][gc,metaspace] CDS archive(s) mapped at: [0x0000752783000000-0x0000752783c97000-0x0000752783c97000), size 13201408, SharedBaseAddress: 0x0000752783000000, ArchiveRelocationMode: 1.
[2025-04-06T13:08:16.158+0530][gc,metaspace] Compressed class space mapped at: 0x0000752784000000-0x00007527c4000000, reserved size: 1073741824
[2025-04-06T13:08:16.158+0530][gc,metaspace] Narrow klass base: 0x0000752783000000, Narrow klass shift: 0, Narrow klass range: 0x100000000
[2025-04-06T13:08:16.529+0530][gc,start    ] GC(0) Pause Young (Normal) (G1 Evacuation Pause)
[2025-04-06T13:08:16.530+0530][gc,task     ] GC(0) Using 12 workers of 13 for evacuation
[2025-04-06T13:08:16.532+0530][gc,phases   ] GC(0)   Pre Evacuate Collection Set: 0.1ms
[2025-04-06T13:08:16.532+0530][gc,phases   ] GC(0)   Merge Heap Roots: 0.0ms
[2025-04-06T13:08:16.532+0530][gc,phases   ] GC(0)   Evacuate Collection Set: 1.7ms
[2025-04-06T13:08:16.532+0530][gc,phases   ] GC(0)   Post Evacuate Collection Set: 0.3ms
[2025-04-06T13:08:16.532+0530][gc,phases   ] GC(0)   Other: 0.7ms
[2025-04-06T13:08:16.532+0530][gc,heap     ] GC(0) Eden regions: 25->0(21)
[2025-04-06T13:08:16.532+0530][gc,heap     ] GC(0) Survivor regions: 0->4(4)
[2025-04-06T13:08:16.532+0530][gc,heap     ] GC(0) Old regions: 2->6
[2025-04-06T13:08:16.532+0530][gc,heap     ] GC(0) Humongous regions: 0->0
[2025-04-06T13:08:16.532+0530][gc,metaspace] GC(0) Metaspace: 7840K(8064K)->7840K(8064K) NonClass: 7038K(7168K)->7038K(7168K) Class: 801K(896K)->801K(896K)
[2025-04-06T13:08:16.532+0530][gc          ] GC(0) Pause Young (Normal) (G1 Evacuation Pause) 26M->8M(512M) 2.894ms
[2025-04-06T13:08:16.532+0530][gc,cpu      ] GC(0) User=0.02s Sys=0.00s Real=0.01s
[2025-04-06T13:10:18.120+0530][gc,heap,exit] Heap
[2025-04-06T13:10:18.120+0530][gc,heap,exit]  garbage-first heap   total 524288K, used 16936K [0x00000000e0000000, 0x0000000100000000)
[2025-04-06T13:10:18.120+0530][gc,heap,exit]   region size 1024K, 12 young (12288K), 4 survivors (4096K)
[2025-04-06T13:10:18.120+0530][gc,heap,exit]  Metaspace       used 9163K, committed 9408K, reserved 1114112K
[2025-04-06T13:10:18.120+0530][gc,heap,exit]   class space    used 947K, committed 1088K, reserved 1048576K
