[2025-04-06T15:57:29.200+0530][gc,init] CardTable entry size: 512
[2025-04-06T15:57:29.200+0530][gc     ] Using G1
[2025-04-06T15:57:29.206+0530][gc,init] Version: 21.0.6+7-Ubuntu-124.04.1 (release)
[2025-04-06T15:57:29.206+0530][gc,init] CPUs: 16 total, 16 available
[2025-04-06T15:57:29.206+0530][gc,init] Memory: 15713M
[2025-04-06T15:57:29.206+0530][gc,init] Large Page Support: Disabled
[2025-04-06T15:57:29.206+0530][gc,init] NUMA Support: Disabled
[2025-04-06T15:57:29.206+0530][gc,init] Compressed Oops: Enabled (32-bit)
[2025-04-06T15:57:29.206+0530][gc,init] Heap Region Size: 1M
[2025-04-06T15:57:29.206+0530][gc,init] Heap Min Capacity: 512M
[2025-04-06T15:57:29.206+0530][gc,init] Heap Initial Capacity: 512M
[2025-04-06T15:57:29.206+0530][gc,init] Heap Max Capacity: 512M
[2025-04-06T15:57:29.206+0530][gc,init] Pre-touch: Disabled
[2025-04-06T15:57:29.206+0530][gc,init] Parallel Workers: 13
[2025-04-06T15:57:29.206+0530][gc,init] Concurrent Workers: 3
[2025-04-06T15:57:29.206+0530][gc,init] Concurrent Refinement Workers: 13
[2025-04-06T15:57:29.206+0530][gc,init] Periodic GC: Disabled
[2025-04-06T15:57:29.215+0530][gc,metaspace] CDS archive(s) mapped at: [0x00007934c3000000-0x00007934c3c97000-0x00007934c3c97000), size 13201408, SharedBaseAddress: 0x00007934c3000000, ArchiveRelocationMode: 1.
[2025-04-06T15:57:29.215+0530][gc,metaspace] Compressed class space mapped at: 0x00007934c4000000-0x0000793504000000, reserved size: 1073741824
[2025-04-06T15:57:29.215+0530][gc,metaspace] Narrow klass base: 0x00007934c3000000, Narrow klass shift: 0, Narrow klass range: 0x100000000
[2025-04-06T15:57:29.941+0530][gc,start    ] GC(0) Pause Young (Normal) (GCLocker Initiated GC)
[2025-04-06T15:57:29.942+0530][gc,task     ] GC(0) Using 12 workers of 13 for evacuation
[2025-04-06T15:57:29.947+0530][gc,phases   ] GC(0)   Pre Evacuate Collection Set: 0.2ms
[2025-04-06T15:57:29.947+0530][gc,phases   ] GC(0)   Merge Heap Roots: 0.1ms
[2025-04-06T15:57:29.947+0530][gc,phases   ] GC(0)   Evacuate Collection Set: 3.8ms
[2025-04-06T15:57:29.947+0530][gc,phases   ] GC(0)   Post Evacuate Collection Set: 0.7ms
[2025-04-06T15:57:29.947+0530][gc,phases   ] GC(0)   Other: 1.6ms
[2025-04-06T15:57:29.947+0530][gc,heap     ] GC(0) Eden regions: 25->0(21)
[2025-04-06T15:57:29.947+0530][gc,heap     ] GC(0) Survivor regions: 0->4(4)
[2025-04-06T15:57:29.947+0530][gc,heap     ] GC(0) Old regions: 2->6
[2025-04-06T15:57:29.947+0530][gc,heap     ] GC(0) Humongous regions: 0->0
[2025-04-06T15:57:29.947+0530][gc,metaspace] GC(0) Metaspace: 7804K(8000K)->7804K(8000K) NonClass: 7005K(7104K)->7005K(7104K) Class: 798K(896K)->798K(896K)
[2025-04-06T15:57:29.947+0530][gc          ] GC(0) Pause Young (Normal) (GCLocker Initiated GC) 26M->8M(512M) 6.634ms
[2025-04-06T15:57:29.947+0530][gc,cpu      ] GC(0) User=0.03s Sys=0.02s Real=0.00s
[2025-04-06T17:55:52.305+0530][gc,heap,exit] Heap
[2025-04-06T17:55:52.305+0530][gc,heap,exit]  garbage-first heap   total 524288K, used 23777K [0x00000000e0000000, 0x0000000100000000)
[2025-04-06T17:55:52.305+0530][gc,heap,exit]   region size 1024K, 19 young (19456K), 4 survivors (4096K)
[2025-04-06T17:55:52.305+0530][gc,heap,exit]  Metaspace       used 9730K, committed 9984K, reserved 1114112K
[2025-04-06T17:55:52.305+0530][gc,heap,exit]   class space    used 954K, committed 1088K, reserved 1048576K
